Archive member included to satisfy reference by file (symbol)

c:/st/stm32cubeide_1.5.1/stm32cubeide/plugins/com.st.stm32cube.ide.mcu.externaltools.gnu-tools-for-stm32.10.3-2021.10.win32_1.0.100.202210260954/tools/bin/../lib/gcc/arm-none-eabi/10.3.1/../../../../arm-none-eabi/lib/thumb/v7e-m+fp/hard\libc_nano.a(lib_a-errno.o)
                              ./Core/Src/syscalls.o (__errno)
c:/st/stm32cubeide_1.5.1/stm32cubeide/plugins/com.st.stm32cube.ide.mcu.externaltools.gnu-tools-for-stm32.10.3-2021.10.win32_1.0.100.202210260954/tools/bin/../lib/gcc/arm-none-eabi/10.3.1/../../../../arm-none-eabi/lib/thumb/v7e-m+fp/hard\libc_nano.a(lib_a-exit.o)
                              c:/st/stm32cubeide_1.5.1/stm32cubeide/plugins/com.st.stm32cube.ide.mcu.externaltools.gnu-tools-for-stm32.10.3-2021.10.win32_1.0.100.202210260954/tools/bin/../lib/gcc/arm-none-eabi/10.3.1/../../../../arm-none-eabi/lib/thumb/v7e-m+fp/hard/crt0.o (exit)
c:/st/stm32cubeide_1.5.1/stm32cubeide/plugins/com.st.stm32cube.ide.mcu.externaltools.gnu-tools-for-stm32.10.3-2021.10.win32_1.0.100.202210260954/tools/bin/../lib/gcc/arm-none-eabi/10.3.1/../../../../arm-none-eabi/lib/thumb/v7e-m+fp/hard\libc_nano.a(lib_a-impure.o)
                              c:/st/stm32cubeide_1.5.1/stm32cubeide/plugins/com.st.stm32cube.ide.mcu.externaltools.gnu-tools-for-stm32.10.3-2021.10.win32_1.0.100.202210260954/tools/bin/../lib/gcc/arm-none-eabi/10.3.1/../../../../arm-none-eabi/lib/thumb/v7e-m+fp/hard\libc_nano.a(lib_a-exit.o) (_global_impure_ptr)
c:/st/stm32cubeide_1.5.1/stm32cubeide/plugins/com.st.stm32cube.ide.mcu.externaltools.gnu-tools-for-stm32.10.3-2021.10.win32_1.0.100.202210260954/tools/bin/../lib/gcc/arm-none-eabi/10.3.1/../../../../arm-none-eabi/lib/thumb/v7e-m+fp/hard\libc_nano.a(lib_a-init.o)
                              c:/st/stm32cubeide_1.5.1/stm32cubeide/plugins/com.st.stm32cube.ide.mcu.externaltools.gnu-tools-for-stm32.10.3-2021.10.win32_1.0.100.202210260954/tools/bin/../lib/gcc/arm-none-eabi/10.3.1/../../../../arm-none-eabi/lib/thumb/v7e-m+fp/hard/crt0.o (__libc_init_array)
c:/st/stm32cubeide_1.5.1/stm32cubeide/plugins/com.st.stm32cube.ide.mcu.externaltools.gnu-tools-for-stm32.10.3-2021.10.win32_1.0.100.202210260954/tools/bin/../lib/gcc/arm-none-eabi/10.3.1/../../../../arm-none-eabi/lib/thumb/v7e-m+fp/hard\libc_nano.a(lib_a-memcpy-stub.o)
                              ./Core/Src/main.o (memcpy)
c:/st/stm32cubeide_1.5.1/stm32cubeide/plugins/com.st.stm32cube.ide.mcu.externaltools.gnu-tools-for-stm32.10.3-2021.10.win32_1.0.100.202210260954/tools/bin/../lib/gcc/arm-none-eabi/10.3.1/../../../../arm-none-eabi/lib/thumb/v7e-m+fp/hard\libc_nano.a(lib_a-memset.o)
                              c:/st/stm32cubeide_1.5.1/stm32cubeide/plugins/com.st.stm32cube.ide.mcu.externaltools.gnu-tools-for-stm32.10.3-2021.10.win32_1.0.100.202210260954/tools/bin/../lib/gcc/arm-none-eabi/10.3.1/../../../../arm-none-eabi/lib/thumb/v7e-m+fp/hard/crt0.o (memset)
c:/st/stm32cubeide_1.5.1/stm32cubeide/plugins/com.st.stm32cube.ide.mcu.externaltools.gnu-tools-for-stm32.10.3-2021.10.win32_1.0.100.202210260954/tools/bin/../lib/gcc/arm-none-eabi/10.3.1/../../../../arm-none-eabi/lib/thumb/v7e-m+fp/hard\libc_nano.a(lib_a-printf.o)
                              ./Core/Src/main.o (printf)
c:/st/stm32cubeide_1.5.1/stm32cubeide/plugins/com.st.stm32cube.ide.mcu.externaltools.gnu-tools-for-stm32.10.3-2021.10.win32_1.0.100.202210260954/tools/bin/../lib/gcc/arm-none-eabi/10.3.1/../../../../arm-none-eabi/lib/thumb/v7e-m+fp/hard\libc_nano.a(lib_a-puts.o)
                              ./Core/Src/main.o (puts)
c:/st/stm32cubeide_1.5.1/stm32cubeide/plugins/com.st.stm32cube.ide.mcu.externaltools.gnu-tools-for-stm32.10.3-2021.10.win32_1.0.100.202210260954/tools/bin/../lib/gcc/arm-none-eabi/10.3.1/../../../../arm-none-eabi/lib/thumb/v7e-m+fp/hard\libc_nano.a(lib_a-wbuf.o)
                              c:/st/stm32cubeide_1.5.1/stm32cubeide/plugins/com.st.stm32cube.ide.mcu.externaltools.gnu-tools-for-stm32.10.3-2021.10.win32_1.0.100.202210260954/tools/bin/../lib/gcc/arm-none-eabi/10.3.1/../../../../arm-none-eabi/lib/thumb/v7e-m+fp/hard\libc_nano.a(lib_a-puts.o) (__swbuf_r)
c:/st/stm32cubeide_1.5.1/stm32cubeide/plugins/com.st.stm32cube.ide.mcu.externaltools.gnu-tools-for-stm32.10.3-2021.10.win32_1.0.100.202210260954/tools/bin/../lib/gcc/arm-none-eabi/10.3.1/../../../../arm-none-eabi/lib/thumb/v7e-m+fp/hard\libc_nano.a(lib_a-wsetup.o)
                              c:/st/stm32cubeide_1.5.1/stm32cubeide/plugins/com.st.stm32cube.ide.mcu.externaltools.gnu-tools-for-stm32.10.3-2021.10.win32_1.0.100.202210260954/tools/bin/../lib/gcc/arm-none-eabi/10.3.1/../../../../arm-none-eabi/lib/thumb/v7e-m+fp/hard\libc_nano.a(lib_a-puts.o) (__swsetup_r)
c:/st/stm32cubeide_1.5.1/stm32cubeide/plugins/com.st.stm32cube.ide.mcu.externaltools.gnu-tools-for-stm32.10.3-2021.10.win32_1.0.100.202210260954/tools/bin/../lib/gcc/arm-none-eabi/10.3.1/../../../../arm-none-eabi/lib/thumb/v7e-m+fp/hard\libc_nano.a(lib_a-fflush.o)
[...]
Memory Configuration

Name             Origin             Length             Attributes
RAM              0x0000000020000000 0x0000000000050000 xrw
FLASH            0x0000000008000000 0x0000000000100000 xr
*default*        0x0000000000000000 0xffffffffffffffff

Linker script and memory map

LOAD c:/st/stm32cubeide_1.5.1/stm32cubeide/plugins/com.st.stm32cube.ide.mcu.externaltools.gnu-tools-for-stm32.10.3-2021.10.win32_1.0.100.202210260954/tools/bin/../lib/gcc/arm-none-eabi/10.3.1/thumb/v7e-m+fp/hard/crti.o
LOAD c:/st/stm32cubeide_1.5.1/stm32cubeide/plugins/com.st.stm32cube.ide.mcu.externaltools.gnu-tools-for-stm32.10.3-2021.10.win32_1.0.100.202210260954/tools/bin/../lib/gcc/arm-none-eabi/10.3.1/thumb/v7e-m+fp/hard/crtbegin.o
LOAD c:/st/stm32cubeide_1.5.1/stm32cubeide/plugins/com.st.stm32cube.ide.mcu.externaltools.gnu-tools-for-stm32.10.3-2021.10.win32_1.0.100.202210260954/tools/bin/../lib/gcc/arm-none-eabi/10.3.1/../../../../arm-none-eabi/lib/thumb/v7e-m+fp/hard/crt0.o
LOAD ./Core/Src/CRC_dnp_modbus.o
LOAD ./Core/Src/DS18B20.o
LOAD ./Core/Src/FLASH_Interno.o
LOAD ./Core/Src/GPS_NEO_06.o
LOAD ./Core/Src/PEDIDOS_RTU_CTRL.o
LOAD ./Core/Src/main.o
LOAD ./Core/Src/stm32f7xx_hal_msp.o
LOAD ./Core/Src/stm32f7xx_it.o
LOAD ./Core/Src/syscalls.o
LOAD ./Core/Src/sysmem.o
LOAD ./Core/Src/system_stm32f7xx.o
LOAD ./Core/Startup/startup_stm32f745vgtx.o
LOAD ./Drivers/STM32F7xx_HAL_Driver/Src/stm32f7xx_hal.o
LOAD ./Drivers/STM32F7xx_HAL_Driver/Src/stm32f7xx_hal_adc.o
LOAD ./Drivers/STM32F7xx_HAL_Driver/Src/stm32f7xx_hal_adc_ex.o
LOAD ./Drivers/STM32F7xx_HAL_Driver/Src/stm32f7xx_hal_cortex.o
LOAD ./Drivers/STM32F7xx_HAL_Driver/Src/stm32f7xx_hal_crc.o
LOAD ./Drivers/STM32F7xx_HAL_Driver/Src/stm32f7xx_hal_crc_ex.o
LOAD ./Drivers/STM32F7xx_HAL_Driver/Src/stm32f7xx_hal_dma.o
LOAD ./Drivers/STM32F7xx_HAL_Driver/Src/stm32f7xx_hal_dma_ex.o
LOAD ./Drivers/STM32F7xx_HAL_Driver/Src/stm32f7xx_hal_exti.o
LOAD ./Drivers/STM32F7xx_HAL_Driver/Src/stm32f7xx_hal_flash.o
LOAD ./Drivers/STM32F7xx_HAL_Driver/Src/stm32f7xx_hal_flash_ex.o
LOAD ./Drivers/STM32F7xx_HAL_Driver/Src/stm32f7xx_hal_gpio.o
LOAD ./Drivers/STM32F7xx_HAL_Driver/Src/stm32f7xx_hal_i2c.o
LOAD ./Drivers/STM32F7xx_HAL_Driver/Src/stm32f7xx_hal_i2c_ex.o
LOAD ./Drivers/STM32F7xx_HAL_Driver/Src/stm32f7xx_hal_pwr.o
LOAD ./Drivers/STM32F7xx_HAL_Driver/Src/stm32f7xx_hal_pwr_ex.o
LOAD ./Drivers/STM32F7xx_HAL_Driver/Src/stm32f7xx_hal_rcc.o
LOAD ./Drivers/STM32F7xx_HAL_Driver/Src/stm32f7xx_hal_rcc_ex.o
LOAD ./Drivers/STM32F7xx_HAL_Driver/Src/stm32f7xx_hal_rng.o
LOAD ./Drivers/STM32F7xx_HAL_Driver/Src/stm32f7xx_hal_rtc.o
LOAD ./Drivers/STM32F7xx_HAL_Driver/Src/stm32f7xx_hal_rtc_ex.o
LOAD ./Drivers/STM32F7xx_HAL_Driver/Src/stm32f7xx_hal_tim.o
LOAD ./Drivers/STM32F7xx_HAL_Driver/Src/stm32f7xx_hal_tim_ex.o
LOAD ./Drivers/STM32F7xx_HAL_Driver/Src/stm32f7xx_hal_uart.o
LOAD ./Drivers/STM32F7xx_HAL_Driver/Src/stm32f7xx_hal_uart_ex.o
START GROUP
LOAD c:/st/stm32cubeide_1.5.1/stm32cubeide/plugins/com.st.stm32cube.ide.mcu.externaltools.gnu-tools-for-stm32.10.3-2021.10.win32_1.0.100.202210260954/tools/bin/../lib/gcc/arm-none-eabi/10.3.1/../../../../arm-none-eabi/lib/thumb/v7e-m+fp/hard\libc_nano.a
LOAD c:/st/stm32cubeide_1.5.1/stm32cubeide/plugins/com.st.stm32cube.ide.mcu.externaltools.gnu-tools-for-stm32.10.3-2021.10.win32_1.0.100.202210260954/tools/bin/../lib/gcc/arm-none-eabi/10.3.1/../../../../arm-none-eabi/lib/thumb/v7e-m+fp/hard\libm.a
END GROUP
START GROUP
LOAD c:/st/stm32cubeide_1.5.1/stm32cubeide/plugins/com.st.stm32cube.ide.mcu.externaltools.gnu-tools-for-stm32.10.3-2021.10.win32_1.0.100.202210260954/tools/bin/../lib/gcc/arm-none-eabi/10.3.1/thumb/v7e-m+fp/hard\libgcc.a
LOAD c:/st/stm32cubeide_1.5.1/stm32cubeide/plugins/com.st.stm32cube.ide.mcu.externaltools.gnu-tools-for-stm32.10.3-2021.10.win32_1.0.100.202210260954/tools/bin/../lib/gcc/arm-none-eabi/10.3.1/../../../../arm-none-eabi/lib/thumb/v7e-m+fp/hard\libc_nano.a
END GROUP
START GROUP
LOAD c:/st/stm32cubeide_1.5.1/stm32cubeide/plugins/com.st.stm32cube.ide.mcu.externaltools.gnu-tools-for-stm32.10.3-2021.10.win32_1.0.100.202210260954/tools/bin/../lib/gcc/arm-none-eabi/10.3.1/thumb/v7e-m+fp/hard\libgcc.a
LOAD c:/st/stm32cubeide_1.5.1/stm32cubeide/plugins/com.st.stm32cube.ide.mcu.externaltools.gnu-tools-for-stm32.10.3-2021.10.win32_1.0.100.202210260954/tools/bin/../lib/gcc/arm-none-eabi/10.3.1/../../../../arm-none-eabi/lib/thumb/v7e-m+fp/hard\libc_nano.a
LOAD c:/st/stm32cubeide_1.5.1/stm32cubeide/plugins/com.st.stm32cube.ide.mcu.externaltools.gnu-tools-for-stm32.10.3-2021.10.win32_1.0.100.202210260954/tools/bin/../lib/gcc/arm-none-eabi/10.3.1/../../../../arm-none-eabi/lib/thumb/v7e-m+fp/hard\libnosys.a
END GROUP
START GROUP
LOAD c:/st/stm32cubeide_1.5.1/stm32cubeide/plugins/com.st.stm32cube.ide.mcu.externaltools.gnu-tools-for-stm32.10.3-2021.10.win32_1.0.100.202210260954/tools/bin/../lib/gcc/arm-none-eabi/10.3.1/thumb/v7e-m+fp/hard\libgcc.a
LOAD c:/st/stm32cubeide_1.5.1/stm32cubeide/plugins/com.st.stm32cube.ide.mcu.externaltools.gnu-tools-for-stm32.10.3-2021.10.win32_1.0.100.202210260954/tools/bin/../lib/gcc/arm-none-eabi/10.3.1/../../../../arm-none-eabi/lib/thumb/v7e-m+fp/hard\libc_nano.a
LOAD c:/st/stm32cubeide_1.5.1/stm32cubeide/plugins/com.st.stm32cube.ide.mcu.externaltools.gnu-tools-for-stm32.10.3-2021.10.win32_1.0.100.202210260954/tools/bin/../lib/gcc/arm-none-eabi/10.3.1/../../../../arm-none-eabi/lib/thumb/v7e-m+fp/hard\libnosys.a
END GROUP
LOAD c:/st/stm32cubeide_1.5.1/stm32cubeide/plugins/com.st.stm32cube.ide.mcu.externaltools.gnu-tools-for-stm32.10.3-2021.10.win32_1.0.100.202210260954/tools/bin/../lib/gcc/arm-none-eabi/10.3.1/thumb/v7e-m+fp/hard/crtend.o
LOAD c:/st/stm32cubeide_1.5.1/stm32cubeide/plugins/com.st.stm32cube.ide.mcu.externaltools.gnu-tools-for-stm32.10.3-2021.10.win32_1.0.100.202210260954/tools/bin/../lib/gcc/arm-none-eabi/10.3.1/thumb/v7e-m+fp/hard/crtn.o
                0x0000000020050000                _estack = (ORIGIN (RAM) + LENGTH (RAM))
                0x0000000000002000                _Min_Heap_Size = 0x2000
                0x0000000000004000                _Min_Stack_Size = 0x4000

.isr_vector     0x0000000008000000      0x1c8
                0x0000000008000000                . = ALIGN (0x4)
 *(.isr_vector)
 .isr_vector    0x0000000008000000      0x1c8 ./Core/Startup/startup_stm32f745vgtx.o
                0x0000000008000000                g_pfnVectors
                0x00000000080001c8                . = ALIGN (0x4)

.text           0x00000000080001d0    0x117dc
                0x00000000080001d0                . = ALIGN (0x4)
 *(.text)
 .text          0x00000000080001d0       0x40 c:/st/stm32cubeide_1.5.1/stm32cubeide/plugins/com.st.stm32cube.ide.mcu.externaltools.gnu-tools-for-stm32.10.3-2021.10.win32_1.0.100.202210260954/tools/bin/../lib/gcc/arm-none-eabi/10.3.1/thumb/v7e-m+fp/hard/crtbegin.o
 .text          0x0000000008000210       0xa0 c:/st/stm32cubeide_1.5.1/stm32cubeide/plugins/com.st.stm32cube.ide.mcu.externaltools.gnu-tools-for-stm32.10.3-2021.10.win32_1.0.100.202210260954/tools/bin/../lib/gcc/arm-none-eabi/10.3.1/../../../../arm-none-eabi/lib/thumb/v7e-m+fp/hard\libc_nano.a(lib_a-memchr.o)
                0x0000000008000210                memchr
 .text          0x00000000080002b0      0x378 c:/st/stm32cubeide_1.5.1/stm32cubeide/plugins/com.st.stm32cube.ide.mcu.externaltools.gnu-tools-for-stm32.10.3-2021.10.win32_1.0.100.202210260954/tools/bin/../lib/gcc/arm-none-eabi/10.3.1/thumb/v7e-m+fp/hard\libgcc.a(_arm_addsubdf3.o)
                0x00000000080002b0                __aeabi_drsub
                0x00000000080002b8                __aeabi_dsub
                0x00000000080002b8                __subdf3
                0x00000000080002bc                __aeabi_dadd
                0x00000000080002bc                __adddf3
                0x0000000008000534                __floatunsidf
                0x0000000008000534                __aeabi_ui2d
                0x0000000008000554                __floatsidf
                0x0000000008000554                __aeabi_i2d
                0x0000000008000578                __aeabi_f2d
                0x0000000008000578                __extendsfdf2
                0x00000000080005bc                __floatundidf
                0x00000000080005bc                __aeabi_ul2d
                0x00000000080005cc                __floatdidf
                0x00000000080005cc                __aeabi_l2d
 .text          0x0000000008000628      0x424 c:/st/stm32cubeide_1.5.1/stm32cubeide/plugins/com.st.stm32cube.ide.mcu.externaltools.gnu-tools-for-stm32.10.3-2021.10.win32_1.0.100.202210260954/tools/bin/../lib/gcc/arm-none-eabi/10.3.1/thumb/v7e-m+fp/hard\libgcc.a(_arm_muldivdf3.o)
                0x0000000008000628                __aeabi_dmul
                0x0000000008000628                __muldf3
                0x000000000800087c                __divdf3
                0x000000000800087c                __aeabi_ddiv
 .text          0x0000000008000a4c      0x110 c:/st/stm32cubeide_1.5.1/stm32cubeide/plugins/com.st.stm32cube.ide.mcu.externaltools.gnu-tools-for-stm32.10.3-2021.10.win32_1.0.100.202210260954/tools/bin/../lib/gcc/arm-none-eabi/10.3.1/thumb/v7e-m+fp/hard\libgcc.a(_arm_cmpdf2.o)
                0x0000000008000a4c                __gtdf2
                0x0000000008000a4c                __gedf2
                0x0000000008000a54                __ltdf2
                0x0000000008000a54                __ledf2
                0x0000000008000a5c                __nedf2
                0x0000000008000a5c                __eqdf2
                0x0000000008000a5c                __cmpdf2
                0x0000000008000ad8                __aeabi_cdrcmple
                0x0000000008000ae8                __aeabi_cdcmpeq
                0x0000000008000ae8                __aeabi_cdcmple
                0x0000000008000af8                __aeabi_dcmpeq
                0x0000000008000b0c                __aeabi_dcmplt
                0x0000000008000b20                __aeabi_dcmple
                0x0000000008000b34                __aeabi_dcmpge
                0x0000000008000b48                __aeabi_dcmpgt
 .text          0x0000000008000b5c       0x2c c:/st/stm32cubeide_1.5.1/stm32cubeide/plugins/com.st.stm32cube.ide.mcu.externaltools.gnu-tools-for-stm32.10.3-2021.10.win32_1.0.100.202210260954/tools/bin/../lib/gcc/arm-none-eabi/10.3.1/thumb/v7e-m+fp/hard\libgcc.a(_arm_unorddf2.o)
                0x0000000008000b5c                __unorddf2
                0x0000000008000b5c                __aeabi_dcmpun
 .text          0x0000000008000b88       0x40 c:/st/stm32cubeide_1.5.1/stm32cubeide/plugins/com.st.stm32cube.ide.mcu.externaltools.gnu-tools-for-stm32.10.3-2021.10.win32_1.0.100.202210260954/tools/bin/../lib/gcc/arm-none-eabi/10.3.1/thumb/v7e-m+fp/hard\libgcc.a(_arm_fixunsdfsi.o)
                0x0000000008000b88                __aeabi_d2uiz
                0x0000000008000b88                __fixunsdfsi
 .text          0x0000000008000bc8       0x30 c:/st/stm32cubeide_1.5.1/stm32cubeide/plugins/com.st.stm32cube.ide.mcu.externaltools.gnu-tools-for-stm32.10.3-2021.10.win32_1.0.100.202210260954/tools/bin/../lib/gcc/arm-none-eabi/10.3.1/thumb/v7e-m+fp/hard\libgcc.a(_aeabi_uldivmod.o)
                0x0000000008000bc8                __aeabi_uldivmod
 .text          0x0000000008000bf8      0x2d0 c:/st/stm32cubeide_1.5.1/stm32cubeide/plugins/com.st.stm32cube.ide.mcu.externaltools.gnu-tools-for-stm32.10.3-2021.10.win32_1.0.100.202210260954/tools/bin/../lib/gcc/arm-none-eabi/10.3.1/thumb/v7e-m+fp/hard\libgcc.a(_udivmoddi4.o)
                0x0000000008000bf8                __udivmoddi4
 .text          0x0000000008000ec8        0x4 c:/st/stm32cubeide_1.5.1/stm32cubeide/plugins/com.st.stm32cube.ide.mcu.externaltools.gnu-tools-for-stm32.10.3-2021.10.win32_1.0.100.202210260954/tools/bin/../lib/gcc/arm-none-eabi/10.3.1/thumb/v7e-m+fp/hard\libgcc.a(_dvmd_tls.o)
                0x0000000008000ec8                __aeabi_idiv0
                0x0000000008000ec8                __aeabi_ldiv0
 *(.text*)
 .text.computeCRC
                0x0000000008000ecc       0x68 ./Core/Src/CRC_dnp_modbus.o
                0x0000000008000ecc                computeCRC
 .text.cmpt_crcMODBUS
                0x0000000008000f34       0x68 ./Core/Src/CRC_dnp_modbus.o
                0x0000000008000f34                cmpt_crcMODBUS
 .text.Set_Pin_Output
                0x0000000008000f9c       0x3c ./Core/Src/DS18B20.o
                0x0000000008000f9c                Set_Pin_Output
 .text.Set_Pin_Input
                0x0000000008000fd8       0x3c ./Core/Src/DS18B20.o
                0x0000000008000fd8                Set_Pin_Input
 .text.DS18B20_Start
                0x0000000008001014       0x68 ./Core/Src/DS18B20.o
                0x0000000008001014                DS18B20_Start
 .text.DS18B20_Write
                0x000000000800107c       0x98 ./Core/Src/DS18B20.o
                0x000000000800107c                DS18B20_Write
 .text.DS18B20_Read
                0x0000000008001114       0x84 ./Core/Src/DS18B20.o
                0x0000000008001114                DS18B20_Read
 .text.MY_FLASH_EraseSector
                0x0000000008001198       0x20 ./Core/Src/FLASH_Interno.o
                0x0000000008001198                MY_FLASH_EraseSector
 .text.MY_FLASH_SetSectorAddrs
                0x00000000080011b8       0x2c ./Core/Src/FLASH_Interno.o
                0x00000000080011b8                MY_FLASH_SetSectorAddrs
 .text.MY_FLASH_WriteN
                0x00000000080011e4       0xf4 ./Core/Src/FLASH_Interno.o
                0x00000000080011e4                MY_FLASH_WriteN
 .text.MY_FLASH_ReadN
                0x00000000080012d8       0xb8 ./Core/Src/FLASH_Interno.o
                0x00000000080012d8                MY_FLASH_ReadN
 .text.GPS_Config
                0x0000000008001390      0x104 ./Core/Src/GPS_NEO_06.o
                0x0000000008001390                GPS_Config
 *fill*         0x0000000008001494        0x4 
 .text.main     0x0000000008001498      0x79c ./Core/Src/main.o
                0x0000000008001498                main
 .text.SystemClock_Config
                0x0000000008001c34       0xf4 ./Core/Src/main.o
                0x0000000008001c34                SystemClock_Config
 .text.MX_ADC1_Init
                0x0000000008001d28       0xa4 ./Core/Src/main.o
 .text.MX_CRC_Init
                0x0000000008001dcc       0x58 ./Core/Src/main.o
 .text.MX_RNG_Init
                0x0000000008001e24       0x28 ./Core/Src/main.o
 .text.MX_RTC_Init
                0x0000000008001e4c       0x4c ./Core/Src/main.o
 .text.MX_TIM1_Init
                0x0000000008001e98       0xa8 ./Core/Src/main.o
 .text.MX_TIM6_Init
                0x0000000008001f40       0x70 ./Core/Src/main.o
 .text.MX_TIM7_Init
                0x0000000008001fb0       0x70 ./Core/Src/main.o
 .text.MX_TIM10_Init
                0x0000000008002020       0x48 ./Core/Src/main.o
 .text.MX_UART4_Init
                0x0000000008002068       0x64 ./Core/Src/main.o
 .text.MX_UART7_Init
                0x00000000080020cc       0x60 ./Core/Src/main.o
 .text.MX_UART8_Init
                0x000000000800212c       0x60 ./Core/Src/main.o
 .text.MX_USART2_UART_Init
                0x000000000800218c       0x60 ./Core/Src/main.o
 .text.MX_USART3_UART_Init
                0x00000000080021ec       0x60 ./Core/Src/main.o
 .text.MX_USART6_UART_Init
                0x000000000800224c       0x60 ./Core/Src/main.o
 .text.MX_DMA_Init
                0x00000000080022ac       0xd4 ./Core/Src/main.o
 .text.MX_GPIO_Init
                0x0000000008002380      0x2c0 ./Core/Src/main.o
 .text.set_time_date
                0x0000000008002640       0x80 ./Core/Src/main.o
                0x0000000008002640                set_time_date
 .text.set_time_date_GPS
                0x00000000080026c0      0x154 ./Core/Src/main.o
                0x00000000080026c0                set_time_date_GPS
 .text.get_time_date
                0x0000000008002814       0x64 ./Core/Src/main.o
                0x0000000008002814                get_time_date
 .text.update_time_date_GPS
                0x0000000008002878       0x58 ./Core/Src/main.o
                0x0000000008002878                update_time_date_GPS
 .text.HAL_UART_RxCpltCallback
                0x00000000080028d0      0x3b8 ./Core/Src/main.o
                0x00000000080028d0                HAL_UART_RxCpltCallback
 .text.HAL_UART_TxCpltCallback
                0x0000000008002c88       0x14 ./Core/Src/main.o
                0x0000000008002c88                HAL_UART_TxCpltCallback
 .text.analizar_Rx_08_local
                0x0000000008002c9c       0xd4 ./Core/Src/main.o
                0x0000000008002c9c                analizar_Rx_08_local
 .text.anal_recep_tot_crc_uart_08
                0x0000000008002d70      0x284 ./Core/Src/main.o
                0x0000000008002d70                anal_recep_tot_crc_uart_08
 .text.calc_long_rx
                0x0000000008002ff4       0x5a ./Core/Src/main.o
                0x0000000008002ff4                calc_long_rx
 *fill*         0x000000000800304e        0x2 
 .text.calc_long_tx
                0x0000000008003050       0x3c ./Core/Src/main.o
                0x0000000008003050                calc_long_tx
 .text.cant_bits_d
                0x000000000800308c       0x28 ./Core/Src/main.o
                0x000000000800308c                cant_bits_d
 .text.cant_bytes_d
                0x00000000080030b4       0x38 ./Core/Src/main.o
                0x00000000080030b4                cant_bytes_d
 .text.cant_bytes_a
                0x00000000080030ec       0x2a ./Core/Src/main.o
                0x00000000080030ec                cant_bytes_a
 *fill*         0x0000000008003116        0x2 
 .text.func_lectura
                0x0000000008003118      0xe34 ./Core/Src/main.o
                0x0000000008003118                func_lectura
 .text.analizar_Rx
                0x0000000008003f4c       0x58 ./Core/Src/main.o
                0x0000000008003f4c                analizar_Rx
 .text.analizar_Tx
                0x0000000008003fa4       0x3c ./Core/Src/main.o
                0x0000000008003fa4                analizar_Tx
 .text.analizar_UR_Tx
                0x0000000008003fe0       0x3c ./Core/Src/main.o
                0x0000000008003fe0                analizar_UR_Tx
 .text.func_comando
                0x000000000800401c      0x4a0 ./Core/Src/main.o
                0x000000000800401c                func_comando
 .text.func_comando_ctrl
                0x00000000080044bc       0x5c ./Core/Src/main.o
                0x00000000080044bc                func_comando_ctrl
 .text.rele_xx_on
                0x0000000008004518       0x7c ./Core/Src/main.o
                0x0000000008004518                rele_xx_on
 .text.rele_xx_off
                0x0000000008004594       0x7c ./Core/Src/main.o
                0x0000000008004594                rele_xx_off
 .text.ht_piloto
                0x0000000008004610       0x40 ./Core/Src/main.o
                0x0000000008004610                ht_piloto
 .text.ht_cero  0x0000000008004650       0x50 ./Core/Src/main.o
                0x0000000008004650                ht_cero
 .text.ht_uno   0x00000000080046a0       0x50 ./Core/Src/main.o
                0x00000000080046a0                ht_uno
 .text.ejecutar_comando
                0x00000000080046f0       0x94 ./Core/Src/main.o
                0x00000000080046f0                ejecutar_comando
 .text.pulsador
                0x0000000008004784      0xe5c ./Core/Src/main.o
                0x0000000008004784                pulsador
 .text.ctrl_relay
                0x00000000080055e0       0xb4 ./Core/Src/main.o
                0x00000000080055e0                ctrl_relay
 *fill*         0x0000000008005694        0x4 
 .text.adc_ds18b20
                0x0000000008005698      0x120 ./Core/Src/main.o
                0x0000000008005698                adc_ds18b20
 .text.spiv2_ctrl_49_init
                0x00000000080057b8       0x84 ./Core/Src/main.o
                0x00000000080057b8                spiv2_ctrl_49_init
 .text.spiv2_ctrl_49
                0x000000000800583c      0x910 ./Core/Src/main.o
                0x000000000800583c                spiv2_ctrl_49
 .text.spiv2_byte8
                0x000000000800614c       0x94 ./Core/Src/main.o
                0x000000000800614c                spiv2_byte8
 .text.conv_a_epoch
                0x00000000080061e0      0x190 ./Core/Src/main.o
                0x00000000080061e0                conv_a_epoch
 .text.delay    0x0000000008006370       0x34 ./Core/Src/main.o
                0x0000000008006370                delay
 .text.HAL_TIM_PeriodElapsedCallback
                0x00000000080063a4       0x44 ./Core/Src/main.o
                0x00000000080063a4                HAL_TIM_PeriodElapsedCallback
 .text.pedidos_reconectadores
                0x00000000080063e8      0x49c ./Core/Src/main.o
                0x00000000080063e8                pedidos_reconectadores
 .text.analizar_Rx_03_local
                0x0000000008006884      0xee0 ./Core/Src/main.o
                0x0000000008006884                analizar_Rx_03_local
 .text.analizar_pos_crc_Rx_03
                0x0000000008007764       0x58 ./Core/Src/main.o
                0x0000000008007764                analizar_pos_crc_Rx_03
 .text.anal_recep_tot_crc_uart_03
                0x00000000080077bc      0x284 ./Core/Src/main.o
                0x00000000080077bc                anal_recep_tot_crc_uart_03
 .text.analizar_Rx_04_local
                0x0000000008007a40       0xb0 ./Core/Src/main.o
                0x0000000008007a40                analizar_Rx_04_local
 .text.anal_recep_tot_crc_uart_04
                0x0000000008007af0       0xdc ./Core/Src/main.o
                0x0000000008007af0                anal_recep_tot_crc_uart_04
 .text.pedidos_reco_medi
                0x0000000008007bcc      0xd00 ./Core/Src/main.o
                0x0000000008007bcc                pedidos_reco_medi
 .text.leds_64  0x00000000080088cc       0x40 ./Core/Src/main.o
                0x00000000080088cc                leds_64
 .text.spiv3_buff64
                0x000000000800890c      0x150 ./Core/Src/main.o
                0x000000000800890c                spiv3_buff64
 .text.Prog_Config
                0x0000000008008a5c      0xb34 ./Core/Src/main.o
                0x0000000008008a5c                Prog_Config
 .text.__io_putchar
                0x0000000008009590       0x24 ./Core/Src/main.o
                0x0000000008009590                __io_putchar
 .text.Error_Handler
                0x00000000080095b4        0xa ./Core/Src/main.o
                0x00000000080095b4                Error_Handler
 *fill*         0x00000000080095be        0x2 
 .text.HAL_MspInit
                0x00000000080095c0       0x48 ./Core/Src/stm32f7xx_hal_msp.o
                0x00000000080095c0                HAL_MspInit
 .text.HAL_ADC_MspInit
                0x0000000008009608       0x80 ./Core/Src/stm32f7xx_hal_msp.o
                0x0000000008009608                HAL_ADC_MspInit
 .text.HAL_CRC_MspInit
                0x0000000008009688       0x40 ./Core/Src/stm32f7xx_hal_msp.o
                0x0000000008009688                HAL_CRC_MspInit
 .text.HAL_RNG_MspInit
                0x00000000080096c8       0x84 ./Core/Src/stm32f7xx_hal_msp.o
                0x00000000080096c8                HAL_RNG_MspInit
 .text.HAL_RTC_MspInit
                0x000000000800974c       0x5c ./Core/Src/stm32f7xx_hal_msp.o
                0x000000000800974c                HAL_RTC_MspInit
 .text.HAL_TIM_Base_MspInit
                0x00000000080097a8       0xf4 ./Core/Src/stm32f7xx_hal_msp.o
                0x00000000080097a8                HAL_TIM_Base_MspInit
 .text.HAL_UART_MspInit
                0x000000000800989c      0x7c4 ./Core/Src/stm32f7xx_hal_msp.o
                0x000000000800989c                HAL_UART_MspInit
 .text.NMI_Handler
                0x000000000800a060        0x6 ./Core/Src/stm32f7xx_it.o
                0x000000000800a060                NMI_Handler
 .text.HardFault_Handler
                0x000000000800a066        0x6 ./Core/Src/stm32f7xx_it.o
                0x000000000800a066                HardFault_Handler
 .text.MemManage_Handler
                0x000000000800a06c        0x6 ./Core/Src/stm32f7xx_it.o
                0x000000000800a06c                MemManage_Handler
 .text.BusFault_Handler
                0x000000000800a072        0x6 ./Core/Src/stm32f7xx_it.o
                0x000000000800a072                BusFault_Handler
 .text.UsageFault_Handler
                0x000000000800a078        0x6 ./Core/Src/stm32f7xx_it.o
                0x000000000800a078                UsageFault_Handler
 .text.SVC_Handler
                0x000000000800a07e        0xe ./Core/Src/stm32f7xx_it.o
                0x000000000800a07e                SVC_Handler
 .text.DebugMon_Handler
                0x000000000800a08c        0xe ./Core/Src/stm32f7xx_it.o
                0x000000000800a08c                DebugMon_Handler
 .text.PendSV_Handler
                0x000000000800a09a        0xe ./Core/Src/stm32f7xx_it.o
                0x000000000800a09a                PendSV_Handler
 .text.SysTick_Handler
                0x000000000800a0a8        0xc ./Core/Src/stm32f7xx_it.o
                0x000000000800a0a8                SysTick_Handler
 .text.DMA1_Stream0_IRQHandler
                0x000000000800a0b4       0x14 ./Core/Src/stm32f7xx_it.o
                0x000000000800a0b4                DMA1_Stream0_IRQHandler
 .text.DMA1_Stream1_IRQHandler
                0x000000000800a0c8       0x14 ./Core/Src/stm32f7xx_it.o
                0x000000000800a0c8                DMA1_Stream1_IRQHandler
 .text.DMA1_Stream2_IRQHandler
                0x000000000800a0dc       0x14 ./Core/Src/stm32f7xx_it.o
                0x000000000800a0dc                DMA1_Stream2_IRQHandler
 .text.DMA1_Stream3_IRQHandler
                0x000000000800a0f0       0x14 ./Core/Src/stm32f7xx_it.o
                0x000000000800a0f0                DMA1_Stream3_IRQHandler
 .text.DMA1_Stream4_IRQHandler
                0x000000000800a104       0x14 ./Core/Src/stm32f7xx_it.o
                0x000000000800a104                DMA1_Stream4_IRQHandler
 .text.DMA1_Stream5_IRQHandler
                0x000000000800a118       0x14 ./Core/Src/stm32f7xx_it.o
                0x000000000800a118                DMA1_Stream5_IRQHandler
 .text.DMA1_Stream6_IRQHandler
                0x000000000800a12c       0x14 ./Core/Src/stm32f7xx_it.o
                0x000000000800a12c                DMA1_Stream6_IRQHandler
 .text.TIM1_UP_TIM10_IRQHandler
                0x000000000800a140       0x1c ./Core/Src/stm32f7xx_it.o
                0x000000000800a140                TIM1_UP_TIM10_IRQHandler
 .text.USART2_IRQHandler
                0x000000000800a15c       0x28 ./Core/Src/stm32f7xx_it.o
                0x000000000800a15c                USART2_IRQHandler
 .text.USART3_IRQHandler
                0x000000000800a184       0x28 ./Core/Src/stm32f7xx_it.o
                0x000000000800a184                USART3_IRQHandler
 .text.UART4_IRQHandler
                0x000000000800a1ac       0x18 ./Core/Src/stm32f7xx_it.o
                0x000000000800a1ac                UART4_IRQHandler
 .text.TIM6_DAC_IRQHandler
                0x000000000800a1c4       0x14 ./Core/Src/stm32f7xx_it.o
                0x000000000800a1c4                TIM6_DAC_IRQHandler
 .text.TIM7_IRQHandler
                0x000000000800a1d8       0x14 ./Core/Src/stm32f7xx_it.o
                0x000000000800a1d8                TIM7_IRQHandler
 .text.DMA2_Stream1_IRQHandler
                0x000000000800a1ec       0x14 ./Core/Src/stm32f7xx_it.o
                0x000000000800a1ec                DMA2_Stream1_IRQHandler
 .text.DMA2_Stream6_IRQHandler
                0x000000000800a200       0x14 ./Core/Src/stm32f7xx_it.o
                0x000000000800a200                DMA2_Stream6_IRQHandler
 .text.USART6_IRQHandler
                0x000000000800a214       0x28 ./Core/Src/stm32f7xx_it.o
                0x000000000800a214                USART6_IRQHandler
 .text.UART8_IRQHandler
                0x000000000800a23c       0x28 ./Core/Src/stm32f7xx_it.o
                0x000000000800a23c                UART8_IRQHandler
 .text._read    0x000000000800a264       0x3a ./Core/Src/syscalls.o
                0x000000000800a264                _read
 .text._write   0x000000000800a29e       0x38 ./Core/Src/syscalls.o
                0x000000000800a29e                _write
 .text._close   0x000000000800a2d6       0x18 ./Core/Src/syscalls.o
                0x000000000800a2d6                _close
 .text._fstat   0x000000000800a2ee       0x20 ./Core/Src/syscalls.o
                0x000000000800a2ee                _fstat
 .text._isatty  0x000000000800a30e       0x16 ./Core/Src/syscalls.o
                0x000000000800a30e                _isatty
 .text._lseek   0x000000000800a324       0x1a ./Core/Src/syscalls.o
                0x000000000800a324                _lseek
 *fill*         0x000000000800a33e        0x2 
 .text._sbrk    0x000000000800a340       0x6c ./Core/Src/sysmem.o
                0x000000000800a340                _sbrk
 .text.SystemInit
                0x000000000800a3ac       0x24 ./Core/Src/system_stm32f7xx.o
                0x000000000800a3ac                SystemInit
 .text.Reset_Handler
                0x000000000800a3d0       0x50 ./Core/Startup/startup_stm32f745vgtx.o
                0x000000000800a3d0                Reset_Handler
 .text.Default_Handler
                0x000000000800a420        0x2 ./Core/Startup/startup_stm32f745vgtx.o
                0x000000000800a420                RTC_Alarm_IRQHandler
                0x000000000800a420                EXTI2_IRQHandler
                0x000000000800a420                TIM8_CC_IRQHandler
                0x000000000800a420                SPI4_IRQHandler
                0x000000000800a420                TIM1_CC_IRQHandler
                0x000000000800a420                DMA2_Stream5_IRQHandler
                0x000000000800a420                PVD_IRQHandler
                0x000000000800a420                TAMP_STAMP_IRQHandler
                0x000000000800a420                CAN2_RX1_IRQHandler
                0x000000000800a420                EXTI3_IRQHandler
                0x000000000800a420                TIM8_TRG_COM_TIM14_IRQHandler
                0x000000000800a420                TIM8_UP_TIM13_IRQHandler
                0x000000000800a420                I2C3_ER_IRQHandler
                0x000000000800a420                EXTI0_IRQHandler
                0x000000000800a420                I2C2_EV_IRQHandler
                0x000000000800a420                CAN1_RX0_IRQHandler
                0x000000000800a420                FPU_IRQHandler
                0x000000000800a420                OTG_HS_WKUP_IRQHandler
                0x000000000800a420                CAN2_SCE_IRQHandler
                0x000000000800a420                DMA2_Stream2_IRQHandler
                0x000000000800a420                SPI1_IRQHandler
                0x000000000800a420                TIM1_BRK_TIM9_IRQHandler
                0x000000000800a420                DCMI_IRQHandler
                0x000000000800a420                CAN2_RX0_IRQHandler
                0x000000000800a420                DMA2_Stream3_IRQHandler
                0x000000000800a420                SAI2_IRQHandler
                0x000000000800a420                CAN1_RX1_IRQHandler
                0x000000000800a420                UART5_IRQHandler
                0x000000000800a420                DMA2_Stream0_IRQHandler
                0x000000000800a420                TIM4_IRQHandler
                0x000000000800a420                QUADSPI_IRQHandler
                0x000000000800a420                I2C1_EV_IRQHandler
                0x000000000800a420                TIM3_IRQHandler
                0x000000000800a420                RCC_IRQHandler
                0x000000000800a420                TIM8_BRK_TIM12_IRQHandler
                0x000000000800a420                Default_Handler
                0x000000000800a420                CEC_IRQHandler
                0x000000000800a420                EXTI15_10_IRQHandler
                0x000000000800a420                ADC_IRQHandler
                0x000000000800a420                DMA1_Stream7_IRQHandler
                0x000000000800a420                SPI5_IRQHandler
                0x000000000800a420                SDMMC1_IRQHandler
                0x000000000800a420                CAN2_TX_IRQHandler
                0x000000000800a420                TIM5_IRQHandler
                0x000000000800a420                DMA2_Stream7_IRQHandler
                0x000000000800a420                I2C3_EV_IRQHandler
                0x000000000800a420                EXTI9_5_IRQHandler
                0x000000000800a420                RTC_WKUP_IRQHandler
                0x000000000800a420                ETH_WKUP_IRQHandler
                0x000000000800a420                SPDIF_RX_IRQHandler
                0x000000000800a420                SPI2_IRQHandler
                0x000000000800a420                OTG_HS_EP1_IN_IRQHandler
                0x000000000800a420                CAN1_TX_IRQHandler
                0x000000000800a420                EXTI4_IRQHandler
                0x000000000800a420                RNG_IRQHandler
                0x000000000800a420                ETH_IRQHandler
                0x000000000800a420                OTG_HS_EP1_OUT_IRQHandler
                0x000000000800a420                WWDG_IRQHandler
                0x000000000800a420                SPI6_IRQHandler
                0x000000000800a420                I2C4_EV_IRQHandler
                0x000000000800a420                TIM2_IRQHandler
                0x000000000800a420                OTG_FS_WKUP_IRQHandler
                0x000000000800a420                TIM1_TRG_COM_TIM11_IRQHandler
                0x000000000800a420                OTG_HS_IRQHandler
                0x000000000800a420                DMA2D_IRQHandler
                0x000000000800a420                EXTI1_IRQHandler
                0x000000000800a420                UART7_IRQHandler
                0x000000000800a420                I2C2_ER_IRQHandler
                0x000000000800a420                CAN1_SCE_IRQHandler
                0x000000000800a420                FLASH_IRQHandler
                0x000000000800a420                DMA2_Stream4_IRQHandler
                0x000000000800a420                USART1_IRQHandler
                0x000000000800a420                OTG_FS_IRQHandler
                0x000000000800a420                SPI3_IRQHandler
                0x000000000800a420                I2C1_ER_IRQHandler
                0x000000000800a420                FMC_IRQHandler
                0x000000000800a420                LPTIM1_IRQHandler
                0x000000000800a420                I2C4_ER_IRQHandler
                0x000000000800a420                SAI1_IRQHandler
 .text.HAL_Init
                0x000000000800a422       0x1a ./Drivers/STM32F7xx_HAL_Driver/Src/stm32f7xx_hal.o
                0x000000000800a422                HAL_Init
 .text.HAL_InitTick
                0x000000000800a43c       0x60 ./Drivers/STM32F7xx_HAL_Driver/Src/stm32f7xx_hal.o
                0x000000000800a43c                HAL_InitTick
 .text.HAL_IncTick
                0x000000000800a49c       0x28 ./Drivers/STM32F7xx_HAL_Driver/Src/stm32f7xx_hal.o
                0x000000000800a49c                HAL_IncTick
 .text.HAL_GetTick
                0x000000000800a4c4       0x18 ./Drivers/STM32F7xx_HAL_Driver/Src/stm32f7xx_hal.o
                0x000000000800a4c4                HAL_GetTick
 .text.HAL_Delay
                0x000000000800a4dc       0x48 ./Drivers/STM32F7xx_HAL_Driver/Src/stm32f7xx_hal.o
                0x000000000800a4dc                HAL_Delay
 .text.HAL_ADC_Init
                0x000000000800a524       0x88 ./Drivers/STM32F7xx_HAL_Driver/Src/stm32f7xx_hal_adc.o
                0x000000000800a524                HAL_ADC_Init
 .text.HAL_ADC_Start
                0x000000000800a5ac      0x19c ./Drivers/STM32F7xx_HAL_Driver/Src/stm32f7xx_hal_adc.o
                0x000000000800a5ac                HAL_ADC_Start
 .text.HAL_ADC_GetValue
                0x000000000800a748       0x1a ./Drivers/STM32F7xx_HAL_Driver/Src/stm32f7xx_hal_adc.o
                0x000000000800a748                HAL_ADC_GetValue
 *fill*         0x000000000800a762        0x2 
 .text.HAL_ADC_ConfigChannel
                0x000000000800a764      0x2ac ./Drivers/STM32F7xx_HAL_Driver/Src/stm32f7xx_hal_adc.o
                0x000000000800a764                HAL_ADC_ConfigChannel
 .text.ADC_Init
                0x000000000800aa10      0x1f4 ./Drivers/STM32F7xx_HAL_Driver/Src/stm32f7xx_hal_adc.o
 .text.__NVIC_SetPriorityGrouping
                0x000000000800ac04       0x48 ./Drivers/STM32F7xx_HAL_Driver/Src/stm32f7xx_hal_cortex.o
 .text.__NVIC_GetPriorityGrouping
                0x000000000800ac4c       0x1c ./Drivers/STM32F7xx_HAL_Driver/Src/stm32f7xx_hal_cortex.o
 .text.__NVIC_EnableIRQ
                0x000000000800ac68       0x3c ./Drivers/STM32F7xx_HAL_Driver/Src/stm32f7xx_hal_cortex.o
 .text.__NVIC_SetPriority
                0x000000000800aca4       0x54 ./Drivers/STM32F7xx_HAL_Driver/Src/stm32f7xx_hal_cortex.o
 .text.NVIC_EncodePriority
                0x000000000800acf8       0x66 ./Drivers/STM32F7xx_HAL_Driver/Src/stm32f7xx_hal_cortex.o
 *fill*         0x000000000800ad5e        0x2 
 .text.SysTick_Config
                0x000000000800ad60       0x44 ./Drivers/STM32F7xx_HAL_Driver/Src/stm32f7xx_hal_cortex.o
 .text.HAL_NVIC_SetPriorityGrouping
                0x000000000800ada4       0x16 ./Drivers/STM32F7xx_HAL_Driver/Src/stm32f7xx_hal_cortex.o
                0x000000000800ada4                HAL_NVIC_SetPriorityGrouping
 .text.HAL_NVIC_SetPriority
                0x000000000800adba       0x38 ./Drivers/STM32F7xx_HAL_Driver/Src/stm32f7xx_hal_cortex.o
                0x000000000800adba                HAL_NVIC_SetPriority
 .text.HAL_NVIC_EnableIRQ
                0x000000000800adf2       0x1c ./Drivers/STM32F7xx_HAL_Driver/Src/stm32f7xx_hal_cortex.o
                0x000000000800adf2                HAL_NVIC_EnableIRQ
 .text.HAL_SYSTICK_Config
                0x000000000800ae0e       0x18 ./Drivers/STM32F7xx_HAL_Driver/Src/stm32f7xx_hal_cortex.o
                0x000000000800ae0e                HAL_SYSTICK_Config
 *fill*         0x000000000800ae26        0x2 
 .text.HAL_CRC_Init
                0x000000000800ae28       0xc8 ./Drivers/STM32F7xx_HAL_Driver/Src/stm32f7xx_hal_crc.o
                0x000000000800ae28                HAL_CRC_Init
 .text.HAL_CRCEx_Polynomial_Set
                0x000000000800aef0      0x10c ./Drivers/STM32F7xx_HAL_Driver/Src/stm32f7xx_hal_crc_ex.o
                0x000000000800aef0                HAL_CRCEx_Polynomial_Set
 .text.HAL_DMA_Init
                0x000000000800affc      0x15c ./Drivers/STM32F7xx_HAL_Driver/Src/stm32f7xx_hal_dma.o
                0x000000000800affc                HAL_DMA_Init
 .text.HAL_DMA_Start_IT
                0x000000000800b158       0xc0 ./Drivers/STM32F7xx_HAL_Driver/Src/stm32f7xx_hal_dma.o
                0x000000000800b158                HAL_DMA_Start_IT
 .text.HAL_DMA_Abort
                0x000000000800b218       0xe0 ./Drivers/STM32F7xx_HAL_Driver/Src/stm32f7xx_hal_dma.o
                0x000000000800b218                HAL_DMA_Abort
 .text.HAL_DMA_Abort_IT
                0x000000000800b2f8       0x44 ./Drivers/STM32F7xx_HAL_Driver/Src/stm32f7xx_hal_dma.o
                0x000000000800b2f8                HAL_DMA_Abort_IT
 .text.HAL_DMA_IRQHandler
                0x000000000800b33c      0x314 ./Drivers/STM32F7xx_HAL_Driver/Src/stm32f7xx_hal_dma.o
                0x000000000800b33c                HAL_DMA_IRQHandler
 .text.HAL_DMA_GetError
                0x000000000800b650       0x18 ./Drivers/STM32F7xx_HAL_Driver/Src/stm32f7xx_hal_dma.o
                0x000000000800b650                HAL_DMA_GetError
 .text.DMA_SetConfig
                0x000000000800b668       0x5c ./Drivers/STM32F7xx_HAL_Driver/Src/stm32f7xx_hal_dma.o
 .text.DMA_CalcBaseAndBitshift
                0x000000000800b6c4       0x6c ./Drivers/STM32F7xx_HAL_Driver/Src/stm32f7xx_hal_dma.o
 .text.DMA_CheckFifoParam
                0x000000000800b730       0xf8 ./Drivers/STM32F7xx_HAL_Driver/Src/stm32f7xx_hal_dma.o
 .text.HAL_FLASH_Program
                0x000000000800b828       0xb8 ./Drivers/STM32F7xx_HAL_Driver/Src/stm32f7xx_hal_flash.o
                0x000000000800b828                HAL_FLASH_Program
 .text.HAL_FLASH_Unlock
                0x000000000800b8e0       0x44 ./Drivers/STM32F7xx_HAL_Driver/Src/stm32f7xx_hal_flash.o
                0x000000000800b8e0                HAL_FLASH_Unlock
 .text.HAL_FLASH_Lock
                0x000000000800b924       0x20 ./Drivers/STM32F7xx_HAL_Driver/Src/stm32f7xx_hal_flash.o
                0x000000000800b924                HAL_FLASH_Lock
 .text.FLASH_WaitForLastOperation
                0x000000000800b944       0x80 ./Drivers/STM32F7xx_HAL_Driver/Src/stm32f7xx_hal_flash.o
                0x000000000800b944                FLASH_WaitForLastOperation
 .text.FLASH_Program_DoubleWord
                0x000000000800b9c4       0x6c ./Drivers/STM32F7xx_HAL_Driver/Src/stm32f7xx_hal_flash.o
 .text.FLASH_Program_Word
                0x000000000800ba30       0x4c ./Drivers/STM32F7xx_HAL_Driver/Src/stm32f7xx_hal_flash.o
 .text.FLASH_Program_HalfWord
                0x000000000800ba7c       0x4c ./Drivers/STM32F7xx_HAL_Driver/Src/stm32f7xx_hal_flash.o
 .text.FLASH_Program_Byte
                0x000000000800bac8       0x48 ./Drivers/STM32F7xx_HAL_Driver/Src/stm32f7xx_hal_flash.o
 .text.FLASH_SetErrorCode
                0x000000000800bb10       0x94 ./Drivers/STM32F7xx_HAL_Driver/Src/stm32f7xx_hal_flash.o
 .text.FLASH_Erase_Sector
                0x000000000800bba4       0x98 ./Drivers/STM32F7xx_HAL_Driver/Src/stm32f7xx_hal_flash_ex.o
                0x000000000800bba4                FLASH_Erase_Sector
 .text.HAL_GPIO_Init
                0x000000000800bc3c      0x358 ./Drivers/STM32F7xx_HAL_Driver/Src/stm32f7xx_hal_gpio.o
                0x000000000800bc3c                HAL_GPIO_Init
 .text.HAL_GPIO_ReadPin
                0x000000000800bf94       0x30 ./Drivers/STM32F7xx_HAL_Driver/Src/stm32f7xx_hal_gpio.o
                0x000000000800bf94                HAL_GPIO_ReadPin
 .text.HAL_GPIO_WritePin
                0x000000000800bfc4       0x32 ./Drivers/STM32F7xx_HAL_Driver/Src/stm32f7xx_hal_gpio.o
                0x000000000800bfc4                HAL_GPIO_WritePin
 .text.HAL_GPIO_TogglePin
                0x000000000800bff6       0x34 ./Drivers/STM32F7xx_HAL_Driver/Src/stm32f7xx_hal_gpio.o
                0x000000000800bff6                HAL_GPIO_TogglePin
 *fill*         0x000000000800c02a        0x2 
 .text.HAL_PWR_EnableBkUpAccess
                0x000000000800c02c       0x20 ./Drivers/STM32F7xx_HAL_Driver/Src/stm32f7xx_hal_pwr.o
                0x000000000800c02c                HAL_PWR_EnableBkUpAccess
 .text.HAL_PWREx_EnableOverDrive
                0x000000000800c04c       0xa0 ./Drivers/STM32F7xx_HAL_Driver/Src/stm32f7xx_hal_pwr_ex.o
                0x000000000800c04c                HAL_PWREx_EnableOverDrive
 .text.HAL_RCC_OscConfig
                0x000000000800c0ec      0x548 ./Drivers/STM32F7xx_HAL_Driver/Src/stm32f7xx_hal_rcc.o
                0x000000000800c0ec                HAL_RCC_OscConfig
 .text.HAL_RCC_ClockConfig
                0x000000000800c634      0x1d8 ./Drivers/STM32F7xx_HAL_Driver/Src/stm32f7xx_hal_rcc.o
                0x000000000800c634                HAL_RCC_ClockConfig
 .text.HAL_RCC_GetSysClockFreq
                0x000000000800c80c      0x20c ./Drivers/STM32F7xx_HAL_Driver/Src/stm32f7xx_hal_rcc.o
                0x000000000800c80c                HAL_RCC_GetSysClockFreq
 .text.HAL_RCC_GetHCLKFreq
                0x000000000800ca18       0x18 ./Drivers/STM32F7xx_HAL_Driver/Src/stm32f7xx_hal_rcc.o
                0x000000000800ca18                HAL_RCC_GetHCLKFreq
 .text.HAL_RCC_GetPCLK1Freq
                0x000000000800ca30       0x28 ./Drivers/STM32F7xx_HAL_Driver/Src/stm32f7xx_hal_rcc.o
                0x000000000800ca30                HAL_RCC_GetPCLK1Freq
 .text.HAL_RCC_GetPCLK2Freq
                0x000000000800ca58       0x28 ./Drivers/STM32F7xx_HAL_Driver/Src/stm32f7xx_hal_rcc.o
                0x000000000800ca58                HAL_RCC_GetPCLK2Freq
 .text.HAL_RCCEx_PeriphCLKConfig
                0x000000000800ca80      0x770 ./Drivers/STM32F7xx_HAL_Driver/Src/stm32f7xx_hal_rcc_ex.o
                0x000000000800ca80                HAL_RCCEx_PeriphCLKConfig
 .text.HAL_RNG_Init
                0x000000000800d1f0       0x54 ./Drivers/STM32F7xx_HAL_Driver/Src/stm32f7xx_hal_rng.o
                0x000000000800d1f0                HAL_RNG_Init
 .text.HAL_RNG_GenerateRandomNumber
                0x000000000800d244       0xac ./Drivers/STM32F7xx_HAL_Driver/Src/stm32f7xx_hal_rng.o
                0x000000000800d244                HAL_RNG_GenerateRandomNumber
 .text.HAL_RNG_GetRandomNumber
                0x000000000800d2f0       0x2a ./Drivers/STM32F7xx_HAL_Driver/Src/stm32f7xx_hal_rng.o
                0x000000000800d2f0                HAL_RNG_GetRandomNumber
 *fill*         0x000000000800d31a        0x2 
 .text.HAL_RTC_Init
                0x000000000800d31c      0x108 ./Drivers/STM32F7xx_HAL_Driver/Src/stm32f7xx_hal_rtc.o
                0x000000000800d31c                HAL_RTC_Init
 .text.HAL_RTC_SetTime
                0x000000000800d424      0x134 ./Drivers/STM32F7xx_HAL_Driver/Src/stm32f7xx_hal_rtc.o
                0x000000000800d424                HAL_RTC_SetTime
 .text.HAL_RTC_GetTime
                0x000000000800d558       0xbc ./Drivers/STM32F7xx_HAL_Driver/Src/stm32f7xx_hal_rtc.o
                0x000000000800d558                HAL_RTC_GetTime
 .text.HAL_RTC_SetDate
                0x000000000800d614      0x108 ./Drivers/STM32F7xx_HAL_Driver/Src/stm32f7xx_hal_rtc.o
                0x000000000800d614                HAL_RTC_SetDate
 .text.HAL_RTC_GetDate
                0x000000000800d71c       0xa0 ./Drivers/STM32F7xx_HAL_Driver/Src/stm32f7xx_hal_rtc.o
                0x000000000800d71c                HAL_RTC_GetDate
 .text.HAL_RTC_WaitForSynchro
                0x000000000800d7bc       0x50 ./Drivers/STM32F7xx_HAL_Driver/Src/stm32f7xx_hal_rtc.o
                0x000000000800d7bc                HAL_RTC_WaitForSynchro
 .text.RTC_EnterInitMode
                0x000000000800d80c       0x6e ./Drivers/STM32F7xx_HAL_Driver/Src/stm32f7xx_hal_rtc.o
                0x000000000800d80c                RTC_EnterInitMode
 .text.RTC_ExitInitMode
                0x000000000800d87a       0x4a ./Drivers/STM32F7xx_HAL_Driver/Src/stm32f7xx_hal_rtc.o
                0x000000000800d87a                RTC_ExitInitMode
 .text.RTC_ByteToBcd2
                0x000000000800d8c4       0x3c ./Drivers/STM32F7xx_HAL_Driver/Src/stm32f7xx_hal_rtc.o
                0x000000000800d8c4                RTC_ByteToBcd2
 .text.RTC_Bcd2ToByte
                0x000000000800d900       0x3c ./Drivers/STM32F7xx_HAL_Driver/Src/stm32f7xx_hal_rtc.o
                0x000000000800d900                RTC_Bcd2ToByte
 .text.HAL_RTCEx_BKUPWrite
                0x000000000800d93c       0x34 ./Drivers/STM32F7xx_HAL_Driver/Src/stm32f7xx_hal_rtc_ex.o
                0x000000000800d93c                HAL_RTCEx_BKUPWrite
 .text.HAL_RTCEx_BKUPRead
                0x000000000800d970       0x30 ./Drivers/STM32F7xx_HAL_Driver/Src/stm32f7xx_hal_rtc_ex.o
                0x000000000800d970                HAL_RTCEx_BKUPRead
 .text.HAL_TIM_Base_Init
                0x000000000800d9a0       0xae ./Drivers/STM32F7xx_HAL_Driver/Src/stm32f7xx_hal_tim.o
                0x000000000800d9a0                HAL_TIM_Base_Init
 *fill*         0x000000000800da4e        0x2 
 .text.HAL_TIM_Base_Start
                0x000000000800da50       0xe0 ./Drivers/STM32F7xx_HAL_Driver/Src/stm32f7xx_hal_tim.o
                0x000000000800da50                HAL_TIM_Base_Start
 .text.HAL_TIM_Base_Start_IT
                0x000000000800db30       0xf0 ./Drivers/STM32F7xx_HAL_Driver/Src/stm32f7xx_hal_tim.o
                0x000000000800db30                HAL_TIM_Base_Start_IT
 .text.HAL_TIM_IRQHandler
                0x000000000800dc20      0x23e ./Drivers/STM32F7xx_HAL_Driver/Src/stm32f7xx_hal_tim.o
                0x000000000800dc20                HAL_TIM_IRQHandler
 *fill*         0x000000000800de5e        0x2 
 .text.HAL_TIM_ConfigClockSource
                0x000000000800de60      0x194 ./Drivers/STM32F7xx_HAL_Driver/Src/stm32f7xx_hal_tim.o
                0x000000000800de60                HAL_TIM_ConfigClockSource
 .text.HAL_TIM_OC_DelayElapsedCallback
                0x000000000800dff4       0x14 ./Drivers/STM32F7xx_HAL_Driver/Src/stm32f7xx_hal_tim.o
                0x000000000800dff4                HAL_TIM_OC_DelayElapsedCallback
 .text.HAL_TIM_IC_CaptureCallback
                0x000000000800e008       0x14 ./Drivers/STM32F7xx_HAL_Driver/Src/stm32f7xx_hal_tim.o
                0x000000000800e008                HAL_TIM_IC_CaptureCallback
 .text.HAL_TIM_PWM_PulseFinishedCallback
                0x000000000800e01c       0x14 ./Drivers/STM32F7xx_HAL_Driver/Src/stm32f7xx_hal_tim.o
                0x000000000800e01c                HAL_TIM_PWM_PulseFinishedCallback
 .text.HAL_TIM_TriggerCallback
                0x000000000800e030       0x14 ./Drivers/STM32F7xx_HAL_Driver/Src/stm32f7xx_hal_tim.o
                0x000000000800e030                HAL_TIM_TriggerCallback
 .text.TIM_Base_SetConfig
                0x000000000800e044      0x140 ./Drivers/STM32F7xx_HAL_Driver/Src/stm32f7xx_hal_tim.o
                0x000000000800e044                TIM_Base_SetConfig
 .text.TIM_TI1_ConfigInputStage
                0x000000000800e184       0x5e ./Drivers/STM32F7xx_HAL_Driver/Src/stm32f7xx_hal_tim.o
 .text.TIM_TI2_ConfigInputStage
                0x000000000800e1e2       0x60 ./Drivers/STM32F7xx_HAL_Driver/Src/stm32f7xx_hal_tim.o
 .text.TIM_ITRx_SetConfig
                0x000000000800e242       0x36 ./Drivers/STM32F7xx_HAL_Driver/Src/stm32f7xx_hal_tim.o
 .text.TIM_ETR_SetConfig
                0x000000000800e278       0x40 ./Drivers/STM32F7xx_HAL_Driver/Src/stm32f7xx_hal_tim.o
                0x000000000800e278                TIM_ETR_SetConfig
 .text.HAL_TIMEx_MasterConfigSynchronization
                0x000000000800e2b8      0x11c ./Drivers/STM32F7xx_HAL_Driver/Src/stm32f7xx_hal_tim_ex.o
                0x000000000800e2b8                HAL_TIMEx_MasterConfigSynchronization
 .text.HAL_TIMEx_CommutCallback
                0x000000000800e3d4       0x14 ./Drivers/STM32F7xx_HAL_Driver/Src/stm32f7xx_hal_tim_ex.o
                0x000000000800e3d4                HAL_TIMEx_CommutCallback
 .text.HAL_TIMEx_BreakCallback
                0x000000000800e3e8       0x14 ./Drivers/STM32F7xx_HAL_Driver/Src/stm32f7xx_hal_tim_ex.o
                0x000000000800e3e8                HAL_TIMEx_BreakCallback
 .text.HAL_TIMEx_Break2Callback
                0x000000000800e3fc       0x14 ./Drivers/STM32F7xx_HAL_Driver/Src/stm32f7xx_hal_tim_ex.o
                0x000000000800e3fc                HAL_TIMEx_Break2Callback
 .text.HAL_UART_Init
                0x000000000800e410       0x9c ./Drivers/STM32F7xx_HAL_Driver/Src/stm32f7xx_hal_uart.o
                0x000000000800e410                HAL_UART_Init
 .text.HAL_UART_Transmit
                0x000000000800e4ac      0x106 ./Drivers/STM32F7xx_HAL_Driver/Src/stm32f7xx_hal_uart.o
                0x000000000800e4ac                HAL_UART_Transmit
 .text.HAL_UART_Receive_DMA
                0x000000000800e5b2       0x88 ./Drivers/STM32F7xx_HAL_Driver/Src/stm32f7xx_hal_uart.o
                0x000000000800e5b2                HAL_UART_Receive_DMA
 .text.HAL_UART_DMAStop
                0x000000000800e63a      0x124 ./Drivers/STM32F7xx_HAL_Driver/Src/stm32f7xx_hal_uart.o
                0x000000000800e63a                HAL_UART_DMAStop
 *fill*         0x000000000800e75e        0x2 
 .text.HAL_UART_IRQHandler
                0x000000000800e760      0x5a4 ./Drivers/STM32F7xx_HAL_Driver/Src/stm32f7xx_hal_uart.o
                0x000000000800e760                HAL_UART_IRQHandler
 .text.HAL_UART_RxHalfCpltCallback
                0x000000000800ed04       0x14 ./Drivers/STM32F7xx_HAL_Driver/Src/stm32f7xx_hal_uart.o
                0x000000000800ed04                HAL_UART_RxHalfCpltCallback
 .text.HAL_UART_ErrorCallback
                0x000000000800ed18       0x14 ./Drivers/STM32F7xx_HAL_Driver/Src/stm32f7xx_hal_uart.o
                0x000000000800ed18                HAL_UART_ErrorCallback
 .text.HAL_UARTEx_RxEventCallback
                0x000000000800ed2c       0x18 ./Drivers/STM32F7xx_HAL_Driver/Src/stm32f7xx_hal_uart.o
                0x000000000800ed2c                HAL_UARTEx_RxEventCallback
 .text.UART_SetConfig
                0x000000000800ed44      0x4c8 ./Drivers/STM32F7xx_HAL_Driver/Src/stm32f7xx_hal_uart.o
                0x000000000800ed44                UART_SetConfig
 .text.UART_AdvFeatureConfig
                0x000000000800f20c      0x144 ./Drivers/STM32F7xx_HAL_Driver/Src/stm32f7xx_hal_uart.o
                0x000000000800f20c                UART_AdvFeatureConfig
 .text.UART_CheckIdleState
                0x000000000800f350       0x6e ./Drivers/STM32F7xx_HAL_Driver/Src/stm32f7xx_hal_uart.o
                0x000000000800f350                UART_CheckIdleState
 .text.UART_WaitOnFlagUntilTimeout
                0x000000000800f3be      0x18c ./Drivers/STM32F7xx_HAL_Driver/Src/stm32f7xx_hal_uart.o
                0x000000000800f3be                UART_WaitOnFlagUntilTimeout
 *fill*         0x000000000800f54a        0x2 
 .text.UART_Start_Receive_DMA
                0x000000000800f54c      0x140 ./Drivers/STM32F7xx_HAL_Driver/Src/stm32f7xx_hal_uart.o
                0x000000000800f54c                UART_Start_Receive_DMA
 .text.UART_EndTxTransfer
                0x000000000800f68c       0x4c ./Drivers/STM32F7xx_HAL_Driver/Src/stm32f7xx_hal_uart.o
 .text.UART_EndRxTransfer
                0x000000000800f6d8       0xc8 ./Drivers/STM32F7xx_HAL_Driver/Src/stm32f7xx_hal_uart.o
 .text.UART_DMAReceiveCplt
                0x000000000800f7a0      0x128 ./Drivers/STM32F7xx_HAL_Driver/Src/stm32f7xx_hal_uart.o
 .text.UART_DMARxHalfCplt
                0x000000000800f8c8       0x3e ./Drivers/STM32F7xx_HAL_Driver/Src/stm32f7xx_hal_uart.o
 .text.UART_DMAError
                0x000000000800f906       0x7e ./Drivers/STM32F7xx_HAL_Driver/Src/stm32f7xx_hal_uart.o
 .text.UART_DMAAbortOnError
                0x000000000800f984       0x2c ./Drivers/STM32F7xx_HAL_Driver/Src/stm32f7xx_hal_uart.o
 .text.UART_EndTransmit_IT
                0x000000000800f9b0       0x54 ./Drivers/STM32F7xx_HAL_Driver/Src/stm32f7xx_hal_uart.o
 .text.HAL_RS485Ex_Init
                0x000000000800fa04       0xd0 ./Drivers/STM32F7xx_HAL_Driver/Src/stm32f7xx_hal_uart_ex.o
                0x000000000800fa04                HAL_RS485Ex_Init
 .text.__errno  0x000000000800fad4        0xc c:/st/stm32cubeide_1.5.1/stm32cubeide/plugins/com.st.stm32cube.ide.mcu.externaltools.gnu-tools-for-stm32.10.3-2021.10.win32_1.0.100.202210260954/tools/bin/../lib/gcc/arm-none-eabi/10.3.1/../../../../arm-none-eabi/lib/thumb/v7e-m+fp/hard\libc_nano.a(lib_a-errno.o)
                0x000000000800fad4                __errno
 .text.__libc_init_array
                0x000000000800fae0       0x48 c:/st/stm32cubeide_1.5.1/stm32cubeide/plugins/com.st.stm32cube.ide.mcu.externaltools.gnu-tools-for-stm32.10.3-2021.10.win32_1.0.100.202210260954/tools/bin/../lib/gcc/arm-none-eabi/10.3.1/../../../../arm-none-eabi/lib/thumb/v7e-m+fp/hard\libc_nano.a(lib_a-init.o)
                0x000000000800fae0                __libc_init_array
 .text.memcpy   0x000000000800fb28       0x1c c:/st/stm32cubeide_1.5.1/stm32cubeide/plugins/com.st.stm32cube.ide.mcu.externaltools.gnu-tools-for-stm32.10.3-2021.10.win32_1.0.100.202210260954/tools/bin/../lib/gcc/arm-none-eabi/10.3.1/../../../../arm-none-eabi/lib/thumb/v7e-m+fp/hard\libc_nano.a(lib_a-memcpy-stub.o)
                0x000000000800fb28                memcpy
 .text.memset   0x000000000800fb44       0x10 c:/st/stm32cubeide_1.5.1/stm32cubeide/plugins/com.st.stm32cube.ide.mcu.externaltools.gnu-tools-for-stm32.10.3-2021.10.win32_1.0.100.202210260954/tools/bin/../lib/gcc/arm-none-eabi/10.3.1/../../../../arm-none-eabi/lib/thumb/v7e-m+fp/hard\libc_nano.a(lib_a-memset.o)
                0x000000000800fb44                memset
 .text.printf   0x000000000800fb54       0x30 c:/st/stm32cubeide_1.5.1/stm32cubeide/plugins/com.st.stm32cube.ide.mcu.externaltools.gnu-tools-for-stm32.10.3-2021.10.win32_1.0.100.202210260954/tools/bin/../lib/gcc/arm-none-eabi/10.3.1/../../../../arm-none-eabi/lib/thumb/v7e-m+fp/hard\libc_nano.a(lib_a-printf.o)
                0x000000000800fb54                iprintf
                0x000000000800fb54                printf
 .text._puts_r  0x000000000800fb84       0xdc c:/st/stm32cubeide_1.5.1/stm32cubeide/plugins/com.st.stm32cube.ide.mcu.externaltools.gnu-tools-for-stm32.10.3-2021.10.win32_1.0.100.202210260954/tools/bin/../lib/gcc/arm-none-eabi/10.3.1/../../../../arm-none-eabi/lib/thumb/v7e-m+fp/hard\libc_nano.a(lib_a-puts.o)
                0x000000000800fb84                _puts_r
 .text.puts     0x000000000800fc60       0x10 c:/st/stm32cubeide_1.5.1/stm32cubeide/plugins/com.st.stm32cube.ide.mcu.externaltools.gnu-tools-for-stm32.10.3-2021.10.win32_1.0.100.202210260954/tools/bin/../lib/gcc/arm-none-eabi/10.3.1/../../../../arm-none-eabi/lib/thumb/v7e-m+fp/hard\libc_nano.a(lib_a-puts.o)
                0x000000000800fc60                puts
 .text.__swbuf_r
                0x000000000800fc70       0xa4 c:/st/stm32cubeide_1.5.1/stm32cubeide/plugins/com.st.stm32cube.ide.mcu.externaltools.gnu-tools-for-stm32.10.3-2021.10.win32_1.0.100.202210260954/tools/bin/../lib/gcc/arm-none-eabi/10.3.1/../../../../arm-none-eabi/lib/thumb/v7e-m+fp/hard\libc_nano.a(lib_a-wbuf.o)
                0x000000000800fc70                __swbuf_r
 .text.__swsetup_r
                0x000000000800fd14       0xdc c:/st/stm32cubeide_1.5.1/stm32cubeide/plugins/com.st.stm32cube.ide.mcu.externaltools.gnu-tools-for-stm32.10.3-2021.10.win32_1.0.100.202210260954/tools/bin/../lib/gcc/arm-none-eabi/10.3.1/../../../../arm-none-eabi/lib/thumb/v7e-m+fp/hard\libc_nano.a(lib_a-wsetup.o)
                0x000000000800fd14                __swsetup_r
 .text.__sflush_r
                0x000000000800fdf0      0x10c c:/st/stm32cubeide_1.5.1/stm32cubeide/plugins/com.st.stm32cube.ide.mcu.externaltools.gnu-tools-for-stm32.10.3-2021.10.win32_1.0.100.202210260954/tools/bin/../lib/gcc/arm-none-eabi/10.3.1/../../../../arm-none-eabi/lib/thumb/v7e-m+fp/hard\libc_nano.a(lib_a-fflush.o)
                0x000000000800fdf0                __sflush_r
 .text._fflush_r
                0x000000000800fefc       0x78 c:/st/stm32cubeide_1.5.1/stm32cubeide/plugins/com.st.stm32cube.ide.mcu.externaltools.gnu-tools-for-stm32.10.3-2021.10.win32_1.0.100.202210260954/tools/bin/../lib/gcc/arm-none-eabi/10.3.1/../../../../arm-none-eabi/lib/thumb/v7e-m+fp/hard\libc_nano.a(lib_a-fflush.o)
                0x000000000800fefc                _fflush_r
 .text.std      0x000000000800ff74       0x48 c:/st/stm32cubeide_1.5.1/stm32cubeide/plugins/com.st.stm32cube.ide.mcu.externaltools.gnu-tools-for-stm32.10.3-2021.10.win32_1.0.100.202210260954/tools/bin/../lib/gcc/arm-none-eabi/10.3.1/../../../../arm-none-eabi/lib/thumb/v7e-m+fp/hard\libc_nano.a(lib_a-findfp.o)
 .text._cleanup_r
                0x000000000800ffbc        0xc c:/st/stm32cubeide_1.5.1/stm32cubeide/plugins/com.st.stm32cube.ide.mcu.externaltools.gnu-tools-for-stm32.10.3-2021.10.win32_1.0.100.202210260954/tools/bin/../lib/gcc/arm-none-eabi/10.3.1/../../../../arm-none-eabi/lib/thumb/v7e-m+fp/hard\libc_nano.a(lib_a-findfp.o)
                0x000000000800ffbc                _cleanup_r
 .text.__sfmoreglue
                0x000000000800ffc8       0x2c c:/st/stm32cubeide_1.5.1/stm32cubeide/plugins/com.st.stm32cube.ide.mcu.externaltools.gnu-tools-for-stm32.10.3-2021.10.win32_1.0.100.202210260954/tools/bin/../lib/gcc/arm-none-eabi/10.3.1/../../../../arm-none-eabi/lib/thumb/v7e-m+fp/hard\libc_nano.a(lib_a-findfp.o)
                0x000000000800ffc8                __sfmoreglue
 .text.__sfp_lock_acquire
                0x000000000800fff4        0xc c:/st/stm32cubeide_1.5.1/stm32cubeide/plugins/com.st.stm32cube.ide.mcu.externaltools.gnu-tools-for-stm32.10.3-2021.10.win32_1.0.100.202210260954/tools/bin/../lib/gcc/arm-none-eabi/10.3.1/../../../../arm-none-eabi/lib/thumb/v7e-m+fp/hard\libc_nano.a(lib_a-findfp.o)
                0x000000000800fff4                __sfp_lock_acquire
 .text.__sfp_lock_release
                0x0000000008010000        0xc c:/st/stm32cubeide_1.5.1/stm32cubeide/plugins/com.st.stm32cube.ide.mcu.externaltools.gnu-tools-for-stm32.10.3-2021.10.win32_1.0.100.202210260954/tools/bin/../lib/gcc/arm-none-eabi/10.3.1/../../../../arm-none-eabi/lib/thumb/v7e-m+fp/hard\libc_nano.a(lib_a-findfp.o)
                0x0000000008010000                __sfp_lock_release
 .text.__sinit_lock_acquire
                0x000000000801000c        0xc c:/st/stm32cubeide_1.5.1/stm32cubeide/plugins/com.st.stm32cube.ide.mcu.externaltools.gnu-tools-for-stm32.10.3-2021.10.win32_1.0.100.202210260954/tools/bin/../lib/gcc/arm-none-eabi/10.3.1/../../../../arm-none-eabi/lib/thumb/v7e-m+fp/hard\libc_nano.a(lib_a-findfp.o)
                0x000000000801000c                __sinit_lock_acquire
 .text.__sinit_lock_release
                0x0000000008010018        0xc c:/st/stm32cubeide_1.5.1/stm32cubeide/plugins/com.st.stm32cube.ide.mcu.externaltools.gnu-tools-for-stm32.10.3-2021.10.win32_1.0.100.202210260954/tools/bin/../lib/gcc/arm-none-eabi/10.3.1/../../../../arm-none-eabi/lib/thumb/v7e-m+fp/hard\libc_nano.a(lib_a-findfp.o)
                0x0000000008010018                __sinit_lock_release
 .text.__sinit  0x0000000008010024       0x70 c:/st/stm32cubeide_1.5.1/stm32cubeide/plugins/com.st.stm32cube.ide.mcu.externaltools.gnu-tools-for-stm32.10.3-2021.10.win32_1.0.100.202210260954/tools/bin/../lib/gcc/arm-none-eabi/10.3.1/../../../../arm-none-eabi/lib/thumb/v7e-m+fp/hard\libc_nano.a(lib_a-findfp.o)
                0x0000000008010024                __sinit
 .text.__sfp    0x0000000008010094       0x8c c:/st/stm32cubeide_1.5.1/stm32cubeide/plugins/com.st.stm32cube.ide.mcu.externaltools.gnu-tools-for-stm32.10.3-2021.10.win32_1.0.100.202210260954/tools/bin/../lib/gcc/arm-none-eabi/10.3.1/../../../../arm-none-eabi/lib/thumb/v7e-m+fp/hard\libc_nano.a(lib_a-findfp.o)
                0x0000000008010094                __sfp
 .text._fwalk_reent
                0x0000000008010120       0x3e c:/st/stm32cubeide_1.5.1/stm32cubeide/plugins/com.st.stm32cube.ide.mcu.externaltools.gnu-tools-for-stm32.10.3-2021.10.win32_1.0.100.202210260954/tools/bin/../lib/gcc/arm-none-eabi/10.3.1/../../../../arm-none-eabi/lib/thumb/v7e-m+fp/hard\libc_nano.a(lib_a-fwalk.o)
                0x0000000008010120                _fwalk_reent
 .text.__retarget_lock_init_recursive
                0x000000000801015e        0x2 c:/st/stm32cubeide_1.5.1/stm32cubeide/plugins/com.st.stm32cube.ide.mcu.externaltools.gnu-tools-for-stm32.10.3-2021.10.win32_1.0.100.202210260954/tools/bin/../lib/gcc/arm-none-eabi/10.3.1/../../../../arm-none-eabi/lib/thumb/v7e-m+fp/hard\libc_nano.a(lib_a-lock.o)
                0x000000000801015e                __retarget_lock_init_recursive
 .text.__retarget_lock_acquire_recursive
                0x0000000008010160        0x2 c:/st/stm32cubeide_1.5.1/stm32cubeide/plugins/com.st.stm32cube.ide.mcu.externaltools.gnu-tools-for-stm32.10.3-2021.10.win32_1.0.100.202210260954/tools/bin/../lib/gcc/arm-none-eabi/10.3.1/../../../../arm-none-eabi/lib/thumb/v7e-m+fp/hard\libc_nano.a(lib_a-lock.o)
                0x0000000008010160                __retarget_lock_acquire_recursive
 .text.__retarget_lock_release_recursive
                0x0000000008010162        0x2 c:/st/stm32cubeide_1.5.1/stm32cubeide/plugins/com.st.stm32cube.ide.mcu.externaltools.gnu-tools-for-stm32.10.3-2021.10.win32_1.0.100.202210260954/tools/bin/../lib/gcc/arm-none-eabi/10.3.1/../../../../arm-none-eabi/lib/thumb/v7e-m+fp/hard\libc_nano.a(lib_a-lock.o)
                0x0000000008010162                __retarget_lock_release_recursive
 .text.__swhatbuf_r
                0x0000000008010164       0x4a c:/st/stm32cubeide_1.5.1/stm32cubeide/plugins/com.st.stm32cube.ide.mcu.externaltools.gnu-tools-for-stm32.10.3-2021.10.win32_1.0.100.202210260954/tools/bin/../lib/gcc/arm-none-eabi/10.3.1/../../../../arm-none-eabi/lib/thumb/v7e-m+fp/hard\libc_nano.a(lib_a-makebuf.o)
                0x0000000008010164                __swhatbuf_r
 *fill*         0x00000000080101ae        0x2 
 .text.__smakebuf_r
                0x00000000080101b0       0x80 c:/st/stm32cubeide_1.5.1/stm32cubeide/plugins/com.st.stm32cube.ide.mcu.externaltools.gnu-tools-for-stm32.10.3-2021.10.win32_1.0.100.202210260954/tools/bin/../lib/gcc/arm-none-eabi/10.3.1/../../../../arm-none-eabi/lib/thumb/v7e-m+fp/hard\libc_nano.a(lib_a-makebuf.o)
                0x00000000080101b0                __smakebuf_r
 .text._free_r  0x0000000008010230       0x98 c:/st/stm32cubeide_1.5.1/stm32cubeide/plugins/com.st.stm32cube.ide.mcu.externaltools.gnu-tools-for-stm32.10.3-2021.10.win32_1.0.100.202210260954/tools/bin/../lib/gcc/arm-none-eabi/10.3.1/../../../../arm-none-eabi/lib/thumb/v7e-m+fp/hard\libc_nano.a(lib_a-nano-freer.o)
                0x0000000008010230                _free_r
 .text.sbrk_aligned
                0x00000000080102c8       0x40 c:/st/stm32cubeide_1.5.1/stm32cubeide/plugins/com.st.stm32cube.ide.mcu.externaltools.gnu-tools-for-stm32.10.3-2021.10.win32_1.0.100.202210260954/tools/bin/../lib/gcc/arm-none-eabi/10.3.1/../../../../arm-none-eabi/lib/thumb/v7e-m+fp/hard\libc_nano.a(lib_a-nano-mallocr.o)
 .text._malloc_r
                0x0000000008010308       0xe8 c:/st/stm32cubeide_1.5.1/stm32cubeide/plugins/com.st.stm32cube.ide.mcu.externaltools.gnu-tools-for-stm32.10.3-2021.10.win32_1.0.100.202210260954/tools/bin/../lib/gcc/arm-none-eabi/10.3.1/../../../../arm-none-eabi/lib/thumb/v7e-m+fp/hard\libc_nano.a(lib_a-nano-mallocr.o)
                0x0000000008010308                _malloc_r
 .text.__sfputc_r
                0x00000000080103f0       0x2e c:/st/stm32cubeide_1.5.1/stm32cubeide/plugins/com.st.stm32cube.ide.mcu.externaltools.gnu-tools-for-stm32.10.3-2021.10.win32_1.0.100.202210260954/tools/bin/../lib/gcc/arm-none-eabi/10.3.1/../../../../arm-none-eabi/lib/thumb/v7e-m+fp/hard\libc_nano.a(lib_a-nano-vfprintf.o)
 .text.__sfputs_r
                0x000000000801041e       0x24 c:/st/stm32cubeide_1.5.1/stm32cubeide/plugins/com.st.stm32cube.ide.mcu.externaltools.gnu-tools-for-stm32.10.3-2021.10.win32_1.0.100.202210260954/tools/bin/../lib/gcc/arm-none-eabi/10.3.1/../../../../arm-none-eabi/lib/thumb/v7e-m+fp/hard\libc_nano.a(lib_a-nano-vfprintf.o)
                0x000000000801041e                __sfputs_r
 *fill*         0x0000000008010442        0x2 
 .text._vfprintf_r
                0x0000000008010444      0x260 c:/st/stm32cubeide_1.5.1/stm32cubeide/plugins/com.st.stm32cube.ide.mcu.externaltools.gnu-tools-for-stm32.10.3-2021.10.win32_1.0.100.202210260954/tools/bin/../lib/gcc/arm-none-eabi/10.3.1/../../../../arm-none-eabi/lib/thumb/v7e-m+fp/hard\libc_nano.a(lib_a-nano-vfprintf.o)
                0x0000000008010444                _vfprintf_r
                0x0000000008010444                _vfiprintf_r
 .text._printf_common
                0x00000000080106a4       0xda c:/st/stm32cubeide_1.5.1/stm32cubeide/plugins/com.st.stm32cube.ide.mcu.externaltools.gnu-tools-for-stm32.10.3-2021.10.win32_1.0.100.202210260954/tools/bin/../lib/gcc/arm-none-eabi/10.3.1/../../../../arm-none-eabi/lib/thumb/v7e-m+fp/hard\libc_nano.a(lib_a-nano-vfprintf_i.o)
                0x00000000080106a4                _printf_common
 *fill*         0x000000000801077e        0x2 
 .text._printf_i
                0x0000000008010780      0x24c c:/st/stm32cubeide_1.5.1/stm32cubeide/plugins/com.st.stm32cube.ide.mcu.externaltools.gnu-tools-for-stm32.10.3-2021.10.win32_1.0.100.202210260954/tools/bin/../lib/gcc/arm-none-eabi/10.3.1/../../../../arm-none-eabi/lib/thumb/v7e-m+fp/hard\libc_nano.a(lib_a-nano-vfprintf_i.o)
                0x0000000008010780                _printf_i
 .text._sbrk_r  0x00000000080109cc       0x20 c:/st/stm32cubeide_1.5.1/stm32cubeide/plugins/com.st.stm32cube.ide.mcu.externaltools.gnu-tools-for-stm32.10.3-2021.10.win32_1.0.100.202210260954/tools/bin/../lib/gcc/arm-none-eabi/10.3.1/../../../../arm-none-eabi/lib/thumb/v7e-m+fp/hard\libc_nano.a(lib_a-sbrkr.o)
                0x00000000080109cc                _sbrk_r
 .text.__sread  0x00000000080109ec       0x22 c:/st/stm32cubeide_1.5.1/stm32cubeide/plugins/com.st.stm32cube.ide.mcu.externaltools.gnu-tools-for-stm32.10.3-2021.10.win32_1.0.100.202210260954/tools/bin/../lib/gcc/arm-none-eabi/10.3.1/../../../../arm-none-eabi/lib/thumb/v7e-m+fp/hard\libc_nano.a(lib_a-stdio.o)
                0x00000000080109ec                __sread
 .text.__swrite
                0x0000000008010a0e       0x38 c:/st/stm32cubeide_1.5.1/stm32cubeide/plugins/com.st.stm32cube.ide.mcu.externaltools.gnu-tools-for-stm32.10.3-2021.10.win32_1.0.100.202210260954/tools/bin/../lib/gcc/arm-none-eabi/10.3.1/../../../../arm-none-eabi/lib/thumb/v7e-m+fp/hard\libc_nano.a(lib_a-stdio.o)
                0x0000000008010a0e                __swrite
 .text.__sseek  0x0000000008010a46       0x24 c:/st/stm32cubeide_1.5.1/stm32cubeide/plugins/com.st.stm32cube.ide.mcu.externaltools.gnu-tools-for-stm32.10.3-2021.10.win32_1.0.100.202210260954/tools/bin/../lib/gcc/arm-none-eabi/10.3.1/../../../../arm-none-eabi/lib/thumb/v7e-m+fp/hard\libc_nano.a(lib_a-stdio.o)
                0x0000000008010a46                __sseek
 .text.__sclose
                0x0000000008010a6a        0x8 c:/st/stm32cubeide_1.5.1/stm32cubeide/plugins/com.st.stm32cube.ide.mcu.externaltools.gnu-tools-for-stm32.10.3-2021.10.win32_1.0.100.202210260954/tools/bin/../lib/gcc/arm-none-eabi/10.3.1/../../../../arm-none-eabi/lib/thumb/v7e-m+fp/hard\libc_nano.a(lib_a-stdio.o)
                0x0000000008010a6a                __sclose
 *fill*         0x0000000008010a72        0x2 
 .text._write_r
                0x0000000008010a74       0x24 c:/st/stm32cubeide_1.5.1/stm32cubeide/plugins/com.st.stm32cube.ide.mcu.externaltools.gnu-tools-for-stm32.10.3-2021.10.win32_1.0.100.202210260954/tools/bin/../lib/gcc/arm-none-eabi/10.3.1/../../../../arm-none-eabi/lib/thumb/v7e-m+fp/hard\libc_nano.a(lib_a-writer.o)
                0x0000000008010a74                _write_r
 .text._close_r
                0x0000000008010a98       0x20 c:/st/stm32cubeide_1.5.1/stm32cubeide/plugins/com.st.stm32cube.ide.mcu.externaltools.gnu-tools-for-stm32.10.3-2021.10.win32_1.0.100.202210260954/tools/bin/../lib/gcc/arm-none-eabi/10.3.1/../../../../arm-none-eabi/lib/thumb/v7e-m+fp/hard\libc_nano.a(lib_a-closer.o)
                0x0000000008010a98                _close_r
 .text._fstat_r
                0x0000000008010ab8       0x24 c:/st/stm32cubeide_1.5.1/stm32cubeide/plugins/com.st.stm32cube.ide.mcu.externaltools.gnu-tools-for-stm32.10.3-2021.10.win32_1.0.100.202210260954/tools/bin/../lib/gcc/arm-none-eabi/10.3.1/../../../../arm-none-eabi/lib/thumb/v7e-m+fp/hard\libc_nano.a(lib_a-fstatr.o)
                0x0000000008010ab8                _fstat_r
 .text._isatty_r
                0x0000000008010adc       0x20 c:/st/stm32cubeide_1.5.1/stm32cubeide/plugins/com.st.stm32cube.ide.mcu.externaltools.gnu-tools-for-stm32.10.3-2021.10.win32_1.0.100.202210260954/tools/bin/../lib/gcc/arm-none-eabi/10.3.1/../../../../arm-none-eabi/lib/thumb/v7e-m+fp/hard\libc_nano.a(lib_a-isattyr.o)
                0x0000000008010adc                _isatty_r
 .text._lseek_r
                0x0000000008010afc       0x24 c:/st/stm32cubeide_1.5.1/stm32cubeide/plugins/com.st.stm32cube.ide.mcu.externaltools.gnu-tools-for-stm32.10.3-2021.10.win32_1.0.100.202210260954/tools/bin/../lib/gcc/arm-none-eabi/10.3.1/../../../../arm-none-eabi/lib/thumb/v7e-m+fp/hard\libc_nano.a(lib_a-lseekr.o)
                0x0000000008010afc                _lseek_r
 .text.__malloc_lock
                0x0000000008010b20        0xc c:/st/stm32cubeide_1.5.1/stm32cubeide/plugins/com.st.stm32cube.ide.mcu.externaltools.gnu-tools-for-stm32.10.3-2021.10.win32_1.0.100.202210260954/tools/bin/../lib/gcc/arm-none-eabi/10.3.1/../../../../arm-none-eabi/lib/thumb/v7e-m+fp/hard\libc_nano.a(lib_a-mlock.o)
                0x0000000008010b20                __malloc_lock
 .text.__malloc_unlock
                0x0000000008010b2c        0xc c:/st/stm32cubeide_1.5.1/stm32cubeide/plugins/com.st.stm32cube.ide.mcu.externaltools.gnu-tools-for-stm32.10.3-2021.10.win32_1.0.100.202210260954/tools/bin/../lib/gcc/arm-none-eabi/10.3.1/../../../../arm-none-eabi/lib/thumb/v7e-m+fp/hard\libc_nano.a(lib_a-mlock.o)
                0x0000000008010b2c                __malloc_unlock
 .text._read_r  0x0000000008010b38       0x24 c:/st/stm32cubeide_1.5.1/stm32cubeide/plugins/com.st.stm32cube.ide.mcu.externaltools.gnu-tools-for-stm32.10.3-2021.10.win32_1.0.100.202210260954/tools/bin/../lib/gcc/arm-none-eabi/10.3.1/../../../../arm-none-eabi/lib/thumb/v7e-m+fp/hard\libc_nano.a(lib_a-readr.o)
                0x0000000008010b38                _read_r
 .text.pow      0x0000000008010b5c       0xe0 c:/st/stm32cubeide_1.5.1/stm32cubeide/plugins/com.st.stm32cube.ide.mcu.externaltools.gnu-tools-for-stm32.10.3-2021.10.win32_1.0.100.202210260954/tools/bin/../lib/gcc/arm-none-eabi/10.3.1/../../../../arm-none-eabi/lib/thumb/v7e-m+fp/hard\libm.a(lib_a-w_pow.o)
                0x0000000008010b5c                pow
 *fill*         0x0000000008010c3c        0x4 
 .text.__ieee754_pow
                0x0000000008010c40      0xa5c c:/st/stm32cubeide_1.5.1/stm32cubeide/plugins/com.st.stm32cube.ide.mcu.externaltools.gnu-tools-for-stm32.10.3-2021.10.win32_1.0.100.202210260954/tools/bin/../lib/gcc/arm-none-eabi/10.3.1/../../../../arm-none-eabi/lib/thumb/v7e-m+fp/hard\libm.a(lib_a-e_pow.o)
                0x0000000008010c40                __ieee754_pow
 .text.__ieee754_sqrt
                0x000000000801169c      0x164 c:/st/stm32cubeide_1.5.1/stm32cubeide/plugins/com.st.stm32cube.ide.mcu.externaltools.gnu-tools-for-stm32.10.3-2021.10.win32_1.0.100.202210260954/tools/bin/../lib/gcc/arm-none-eabi/10.3.1/../../../../arm-none-eabi/lib/thumb/v7e-m+fp/hard\libm.a(lib_a-e_sqrt.o)
                0x000000000801169c                __ieee754_sqrt
 .text.with_errno
                0x0000000008011800       0x14 c:/st/stm32cubeide_1.5.1/stm32cubeide/plugins/com.st.stm32cube.ide.mcu.externaltools.gnu-tools-for-stm32.10.3-2021.10.win32_1.0.100.202210260954/tools/bin/../lib/gcc/arm-none-eabi/10.3.1/../../../../arm-none-eabi/lib/thumb/v7e-m+fp/hard\libm.a(lib_a-math_err.o)
 .text.xflow    0x0000000008011814       0x28 c:/st/stm32cubeide_1.5.1/stm32cubeide/plugins/com.st.stm32cube.ide.mcu.externaltools.gnu-tools-for-stm32.10.3-2021.10.win32_1.0.100.202210260954/tools/bin/../lib/gcc/arm-none-eabi/10.3.1/../../../../arm-none-eabi/lib/thumb/v7e-m+fp/hard\libm.a(lib_a-math_err.o)
 .text.__math_uflow
                0x000000000801183c       0x12 c:/st/stm32cubeide_1.5.1/stm32cubeide/plugins/com.st.stm32cube.ide.mcu.externaltools.gnu-tools-for-stm32.10.3-2021.10.win32_1.0.100.202210260954/tools/bin/../lib/gcc/arm-none-eabi/10.3.1/../../../../arm-none-eabi/lib/thumb/v7e-m+fp/hard\libm.a(lib_a-math_err.o)
                0x000000000801183c                __math_uflow
 .text.__math_oflow
                0x000000000801184e       0x12 c:/st/stm32cubeide_1.5.1/stm32cubeide/plugins/com.st.stm32cube.ide.mcu.externaltools.gnu-tools-for-stm32.10.3-2021.10.win32_1.0.100.202210260954/tools/bin/../lib/gcc/arm-none-eabi/10.3.1/../../../../arm-none-eabi/lib/thumb/v7e-m+fp/hard\libm.a(lib_a-math_err.o)
                0x000000000801184e                __math_oflow
 .text.fabs     0x0000000008011860       0x12 c:/st/stm32cubeide_1.5.1/stm32cubeide/plugins/com.st.stm32cube.ide.mcu.externaltools.gnu-tools-for-stm32.10.3-2021.10.win32_1.0.100.202210260954/tools/bin/../lib/gcc/arm-none-eabi/10.3.1/../../../../arm-none-eabi/lib/thumb/v7e-m+fp/hard\libm.a(lib_a-s_fabs.o)
                0x0000000008011860                fabs
 .text.finite   0x0000000008011872       0x16 c:/st/stm32cubeide_1.5.1/stm32cubeide/plugins/com.st.stm32cube.ide.mcu.externaltools.gnu-tools-for-stm32.10.3-2021.10.win32_1.0.100.202210260954/tools/bin/../lib/gcc/arm-none-eabi/10.3.1/../../../../arm-none-eabi/lib/thumb/v7e-m+fp/hard\libm.a(lib_a-s_finite.o)
                0x0000000008011872                finite
 .text.scalbn   0x0000000008011888      0x10c c:/st/stm32cubeide_1.5.1/stm32cubeide/plugins/com.st.stm32cube.ide.mcu.externaltools.gnu-tools-for-stm32.10.3-2021.10.win32_1.0.100.202210260954/tools/bin/../lib/gcc/arm-none-eabi/10.3.1/../../../../arm-none-eabi/lib/thumb/v7e-m+fp/hard\libm.a(lib_a-s_scalbn.o)
                0x0000000008011888                scalbn
 *(.glue_7)
 .glue_7        0x0000000008011994        0x0 linker stubs
 *(.glue_7t)
 .glue_7t       0x0000000008011994        0x0 linker stubs
 *(.eh_frame)
 .eh_frame      0x0000000008011994        0x0 c:/st/stm32cubeide_1.5.1/stm32cubeide/plugins/com.st.stm32cube.ide.mcu.externaltools.gnu-tools-for-stm32.10.3-2021.10.win32_1.0.100.202210260954/tools/bin/../lib/gcc/arm-none-eabi/10.3.1/thumb/v7e-m+fp/hard/crtbegin.o
 *(.init)
 .init          0x0000000008011994        0x4 c:/st/stm32cubeide_1.5.1/stm32cubeide/plugins/com.st.stm32cube.ide.mcu.externaltools.gnu-tools-for-stm32.10.3-2021.10.win32_1.0.100.202210260954/tools/bin/../lib/gcc/arm-none-eabi/10.3.1/thumb/v7e-m+fp/hard/crti.o
                0x0000000008011994                _init
 .init          0x0000000008011998        0x8 c:/st/stm32cubeide_1.5.1/stm32cubeide/plugins/com.st.stm32cube.ide.mcu.externaltools.gnu-tools-for-stm32.10.3-2021.10.win32_1.0.100.202210260954/tools/bin/../lib/gcc/arm-none-eabi/10.3.1/thumb/v7e-m+fp/hard/crtn.o
 *(.fini)
 .fini          0x00000000080119a0        0x4 c:/st/stm32cubeide_1.5.1/stm32cubeide/plugins/com.st.stm32cube.ide.mcu.externaltools.gnu-tools-for-stm32.10.3-2021.10.win32_1.0.100.202210260954/tools/bin/../lib/gcc/arm-none-eabi/10.3.1/thumb/v7e-m+fp/hard/crti.o
                0x00000000080119a0                _fini
 .fini          0x00000000080119a4        0x8 c:/st/stm32cubeide_1.5.1/stm32cubeide/plugins/com.st.stm32cube.ide.mcu.externaltools.gnu-tools-for-stm32.10.3-2021.10.win32_1.0.100.202210260954/tools/bin/../lib/gcc/arm-none-eabi/10.3.1/thumb/v7e-m+fp/hard/crtn.o
                0x00000000080119ac                . = ALIGN (0x4)
                0x00000000080119ac                _etext = .

.vfp11_veneer   0x00000000080119ac        0x0
 .vfp11_veneer  0x00000000080119ac        0x0 linker stubs

.v4_bx          0x00000000080119ac        0x0
 .v4_bx         0x00000000080119ac        0x0 linker stubs

.iplt           0x00000000080119ac        0x0
 .iplt          0x00000000080119ac        0x0 c:/st/stm32cubeide_1.5.1/stm32cubeide/plugins/com.st.stm32cube.ide.mcu.externaltools.gnu-tools-for-stm32.10.3-2021.10.win32_1.0.100.202210260954/tools/bin/../lib/gcc/arm-none-eabi/10.3.1/thumb/v7e-m+fp/hard/crtbegin.o

.rodata         0x00000000080119b0      0x548
                0x00000000080119b0                . = ALIGN (0x4)
 *(.rodata)
 .rodata        0x00000000080119b0       0x91 ./Core/Src/GPS_NEO_06.o
 *fill*         0x0000000008011a41        0x3 
 .rodata        0x0000000008011a44      0x3c9 ./Core/Src/main.o
 *(.rodata*)
 *fill*         0x0000000008011e0d        0x3 
 .rodata.AHBPrescTable
                0x0000000008011e10       0x10 ./Core/Src/system_stm32f7xx.o
                0x0000000008011e10                AHBPrescTable
 .rodata.APBPrescTable
                0x0000000008011e20        0x8 ./Core/Src/system_stm32f7xx.o
                0x0000000008011e20                APBPrescTable
 .rodata.flagBitshiftOffset.0
                0x0000000008011e28        0x8 ./Drivers/STM32F7xx_HAL_Driver/Src/stm32f7xx_hal_dma.o
 .rodata._global_impure_ptr
                0x0000000008011e30        0x4 c:/st/stm32cubeide_1.5.1/stm32cubeide/plugins/com.st.stm32cube.ide.mcu.externaltools.gnu-tools-for-stm32.10.3-2021.10.win32_1.0.100.202210260954/tools/bin/../lib/gcc/arm-none-eabi/10.3.1/../../../../arm-none-eabi/lib/thumb/v7e-m+fp/hard\libc_nano.a(lib_a-impure.o)
                0x0000000008011e30                _global_impure_ptr
 .rodata.__sf_fake_stderr
                0x0000000008011e34       0x20 c:/st/stm32cubeide_1.5.1/stm32cubeide/plugins/com.st.stm32cube.ide.mcu.externaltools.gnu-tools-for-stm32.10.3-2021.10.win32_1.0.100.202210260954/tools/bin/../lib/gcc/arm-none-eabi/10.3.1/../../../../arm-none-eabi/lib/thumb/v7e-m+fp/hard\libc_nano.a(lib_a-findfp.o)
                0x0000000008011e34                __sf_fake_stderr
 .rodata.__sf_fake_stdin
                0x0000000008011e54       0x20 c:/st/stm32cubeide_1.5.1/stm32cubeide/plugins/com.st.stm32cube.ide.mcu.externaltools.gnu-tools-for-stm32.10.3-2021.10.win32_1.0.100.202210260954/tools/bin/../lib/gcc/arm-none-eabi/10.3.1/../../../../arm-none-eabi/lib/thumb/v7e-m+fp/hard\libc_nano.a(lib_a-findfp.o)
                0x0000000008011e54                __sf_fake_stdin
 .rodata.__sf_fake_stdout
                0x0000000008011e74       0x20 c:/st/stm32cubeide_1.5.1/stm32cubeide/plugins/com.st.stm32cube.ide.mcu.externaltools.gnu-tools-for-stm32.10.3-2021.10.win32_1.0.100.202210260954/tools/bin/../lib/gcc/arm-none-eabi/10.3.1/../../../../arm-none-eabi/lib/thumb/v7e-m+fp/hard\libc_nano.a(lib_a-findfp.o)
                0x0000000008011e74                __sf_fake_stdout
 .rodata._vfprintf_r.str1.1
                0x0000000008011e94       0x11 c:/st/stm32cubeide_1.5.1/stm32cubeide/plugins/com.st.stm32cube.ide.mcu.externaltools.gnu-tools-for-stm32.10.3-2021.10.win32_1.0.100.202210260954/tools/bin/../lib/gcc/arm-none-eabi/10.3.1/../../../../arm-none-eabi/lib/thumb/v7e-m+fp/hard\libc_nano.a(lib_a-nano-vfprintf.o)
 .rodata._printf_i.str1.1
                0x0000000008011ea5       0x22 c:/st/stm32cubeide_1.5.1/stm32cubeide/plugins/com.st.stm32cube.ide.mcu.externaltools.gnu-tools-for-stm32.10.3-2021.10.win32_1.0.100.202210260954/tools/bin/../lib/gcc/arm-none-eabi/10.3.1/../../../../arm-none-eabi/lib/thumb/v7e-m+fp/hard\libc_nano.a(lib_a-nano-vfprintf_i.o)
 *fill*         0x0000000008011ec7        0x1 
 .rodata.bp     0x0000000008011ec8       0x10 c:/st/stm32cubeide_1.5.1/stm32cubeide/plugins/com.st.stm32cube.ide.mcu.externaltools.gnu-tools-for-stm32.10.3-2021.10.win32_1.0.100.202210260954/tools/bin/../lib/gcc/arm-none-eabi/10.3.1/../../../../arm-none-eabi/lib/thumb/v7e-m+fp/hard\libm.a(lib_a-e_pow.o)
 .rodata.dp_h   0x0000000008011ed8       0x10 c:/st/stm32cubeide_1.5.1/stm32cubeide/plugins/com.st.stm32cube.ide.mcu.externaltools.gnu-tools-for-stm32.10.3-2021.10.win32_1.0.100.202210260954/tools/bin/../lib/gcc/arm-none-eabi/10.3.1/../../../../arm-none-eabi/lib/thumb/v7e-m+fp/hard\libm.a(lib_a-e_pow.o)
 .rodata.dp_l   0x0000000008011ee8       0x10 c:/st/stm32cubeide_1.5.1/stm32cubeide/plugins/com.st.stm32cube.ide.mcu.externaltools.gnu-tools-for-stm32.10.3-2021.10.win32_1.0.100.202210260954/tools/bin/../lib/gcc/arm-none-eabi/10.3.1/../../../../arm-none-eabi/lib/thumb/v7e-m+fp/hard\libm.a(lib_a-e_pow.o)
                0x0000000008011ef8                . = ALIGN (0x4)

.ARM.extab      0x0000000008011ef8        0x0
                0x0000000008011ef8                . = ALIGN (0x4)
 *(.ARM.extab* .gnu.linkonce.armextab.*)
                0x0000000008011ef8                . = ALIGN (0x4)

.ARM            0x0000000008011ef8        0x8
                0x0000000008011ef8                . = ALIGN (0x4)
                0x0000000008011ef8                __exidx_start = .
 *(.ARM.exidx*)
 .ARM.exidx     0x0000000008011ef8        0x8 c:/st/stm32cubeide_1.5.1/stm32cubeide/plugins/com.st.stm32cube.ide.mcu.externaltools.gnu-tools-for-stm32.10.3-2021.10.win32_1.0.100.202210260954/tools/bin/../lib/gcc/arm-none-eabi/10.3.1/thumb/v7e-m+fp/hard\libgcc.a(_udivmoddi4.o)
                0x0000000008011f00                __exidx_end = .
                0x0000000008011f00                . = ALIGN (0x4)

.rel.dyn        0x0000000008011f00        0x0
 .rel.iplt      0x0000000008011f00        0x0 c:/st/stm32cubeide_1.5.1/stm32cubeide/plugins/com.st.stm32cube.ide.mcu.externaltools.gnu-tools-for-stm32.10.3-2021.10.win32_1.0.100.202210260954/tools/bin/../lib/gcc/arm-none-eabi/10.3.1/thumb/v7e-m+fp/hard/crtbegin.o

.preinit_array  0x0000000008011f00        0x0
                0x0000000008011f00                . = ALIGN (0x4)
                0x0000000008011f00                PROVIDE (__preinit_array_start = .)
 *(.preinit_array*)
                0x0000000008011f00                PROVIDE (__preinit_array_end = .)
                0x0000000008011f00                . = ALIGN (0x4)

.init_array     0x0000000008011f00        0x4
                0x0000000008011f00                . = ALIGN (0x4)
                0x0000000008011f00                PROVIDE (__init_array_start = .)
 *(SORT_BY_NAME(.init_array.*))
 *(.init_array*)
 .init_array    0x0000000008011f00        0x4 c:/st/stm32cubeide_1.5.1/stm32cubeide/plugins/com.st.stm32cube.ide.mcu.externaltools.gnu-tools-for-stm32.10.3-2021.10.win32_1.0.100.202210260954/tools/bin/../lib/gcc/arm-none-eabi/10.3.1/thumb/v7e-m+fp/hard/crtbegin.o
                0x0000000008011f04                PROVIDE (__init_array_end = .)
                0x0000000008011f04                . = ALIGN (0x4)

.fini_array     0x0000000008011f04        0x4
                0x0000000008011f04                . = ALIGN (0x4)
                [!provide]                        PROVIDE (__fini_array_start = .)
 *(SORT_BY_NAME(.fini_array.*))
 *(.fini_array*)
 .fini_array    0x0000000008011f04        0x4 c:/st/stm32cubeide_1.5.1/stm32cubeide/plugins/com.st.stm32cube.ide.mcu.externaltools.gnu-tools-for-stm32.10.3-2021.10.win32_1.0.100.202210260954/tools/bin/../lib/gcc/arm-none-eabi/10.3.1/thumb/v7e-m+fp/hard/crtbegin.o
                [!provide]                        PROVIDE (__fini_array_end = .)
                0x0000000008011f08                . = ALIGN (0x4)
                0x0000000008011f08                _sidata = LOADADDR (.data)

.data           0x0000000020000000       0x8c load address 0x0000000008011f08
                0x0000000020000000                . = ALIGN (0x4)
                0x0000000020000000                _sdata = .
 *(.data)
 *(.data*)
 .data.dig_num_0
                0x0000000020000000        0x2 ./Core/Src/main.o
                0x0000000020000000                dig_num_0
 .data.dig_num_1
                0x0000000020000002        0x2 ./Core/Src/main.o
                0x0000000020000002                dig_num_1
 .data.dig_num_2
                0x0000000020000004        0x2 ./Core/Src/main.o
                0x0000000020000004                dig_num_2
 .data.dig_num_3
                0x0000000020000006        0x2 ./Core/Src/main.o
                0x0000000020000006                dig_num_3
 .data.dig_num_4
                0x0000000020000008        0x2 ./Core/Src/main.o
                0x0000000020000008                dig_num_4
 .data.V_ID     0x000000002000000a        0x2 ./Core/Src/main.o
                0x000000002000000a                V_ID
 .data.V_MASTER
                0x000000002000000c        0x2 ./Core/Src/main.o
                0x000000002000000c                V_MASTER
 .data.V_CANT_DISP_R
                0x000000002000000e        0x1 ./Core/Src/main.o
                0x000000002000000e                V_CANT_DISP_R
 .data.V_REINT  0x000000002000000f        0x1 ./Core/Src/main.o
                0x000000002000000f                V_REINT
 .data.V_TPO_REINT
                0x0000000020000010        0x2 ./Core/Src/main.o
                0x0000000020000010                V_TPO_REINT
 .data.n        0x0000000020000012        0x1 ./Core/Src/main.o
                0x0000000020000012                n
 *fill*         0x0000000020000013        0x1 
 .data.Prox_crc_Rx_08
                0x0000000020000014        0x2 ./Core/Src/main.o
                0x0000000020000014                Prox_crc_Rx_08
 .data.Prox_crc_Tx_08
                0x0000000020000016        0x2 ./Core/Src/main.o
                0x0000000020000016                Prox_crc_Tx_08
 .data.Prox_crc_Rx_03
                0x0000000020000018        0x2 ./Core/Src/main.o
                0x0000000020000018                Prox_crc_Rx_03
 *fill*         0x000000002000001a        0x2 
 .data.SystemCoreClock
                0x000000002000001c        0x4 ./Core/Src/system_stm32f7xx.o
                0x000000002000001c                SystemCoreClock
 .data.uwTickPrio
                0x0000000020000020        0x4 ./Drivers/STM32F7xx_HAL_Driver/Src/stm32f7xx_hal.o
                0x0000000020000020                uwTickPrio
 .data.uwTickFreq
                0x0000000020000024        0x1 ./Drivers/STM32F7xx_HAL_Driver/Src/stm32f7xx_hal.o
                0x0000000020000024                uwTickFreq
 *fill*         0x0000000020000025        0x3 
 .data._impure_ptr
                0x0000000020000028        0x4 c:/st/stm32cubeide_1.5.1/stm32cubeide/plugins/com.st.stm32cube.ide.mcu.externaltools.gnu-tools-for-stm32.10.3-2021.10.win32_1.0.100.202210260954/tools/bin/../lib/gcc/arm-none-eabi/10.3.1/../../../../arm-none-eabi/lib/thumb/v7e-m+fp/hard\libc_nano.a(lib_a-impure.o)
                0x0000000020000028                _impure_ptr
 .data.impure_data
                0x000000002000002c       0x60 c:/st/stm32cubeide_1.5.1/stm32cubeide/plugins/com.st.stm32cube.ide.mcu.externaltools.gnu-tools-for-stm32.10.3-2021.10.win32_1.0.100.202210260954/tools/bin/../lib/gcc/arm-none-eabi/10.3.1/../../../../arm-none-eabi/lib/thumb/v7e-m+fp/hard\libc_nano.a(lib_a-impure.o)
 *(.RamFunc)
 *(.RamFunc*)
                0x000000002000008c                . = ALIGN (0x4)
                0x000000002000008c                _edata = .

.igot.plt       0x000000002000008c        0x0 load address 0x0000000008011f94
 .igot.plt      0x000000002000008c        0x0 c:/st/stm32cubeide_1.5.1/stm32cubeide/plugins/com.st.stm32cube.ide.mcu.externaltools.gnu-tools-for-stm32.10.3-2021.10.win32_1.0.100.202210260954/tools/bin/../lib/gcc/arm-none-eabi/10.3.1/thumb/v7e-m+fp/hard/crtbegin.o
                0x000000002000008c                . = ALIGN (0x4)

.bss            0x0000000020000090     0xc670 load address 0x0000000008011f94
                0x0000000020000090                _sbss = .
                0x0000000020000090                __bss_start__ = _sbss
 *(.bss)
 .bss           0x0000000020000090       0x1c c:/st/stm32cubeide_1.5.1/stm32cubeide/plugins/com.st.stm32cube.ide.mcu.externaltools.gnu-tools-for-stm32.10.3-2021.10.win32_1.0.100.202210260954/tools/bin/../lib/gcc/arm-none-eabi/10.3.1/thumb/v7e-m+fp/hard/crtbegin.o
 *(.bss*)
 .bss.MY_SectorAddrs
                0x00000000200000ac        0x4 ./Core/Src/FLASH_Interno.o
 .bss.MY_SectorNum
                0x00000000200000b0        0x1 ./Core/Src/FLASH_Interno.o
 *fill*         0x00000000200000b1        0x3 
 .bss.hadc1     0x00000000200000b4       0x48 ./Core/Src/main.o
                0x00000000200000b4                hadc1
 .bss.hcrc      0x00000000200000fc       0x24 ./Core/Src/main.o
                0x00000000200000fc                hcrc
 .bss.hrng      0x0000000020000120       0x10 ./Core/Src/main.o
                0x0000000020000120                hrng
 .bss.hrtc      0x0000000020000130       0x20 ./Core/Src/main.o
                0x0000000020000130                hrtc
 .bss.htim1     0x0000000020000150       0x4c ./Core/Src/main.o
                0x0000000020000150                htim1
 .bss.htim6     0x000000002000019c       0x4c ./Core/Src/main.o
                0x000000002000019c                htim6
 .bss.htim7     0x00000000200001e8       0x4c ./Core/Src/main.o
                0x00000000200001e8                htim7
 .bss.htim10    0x0000000020000234       0x4c ./Core/Src/main.o
                0x0000000020000234                htim10
 .bss.huart4    0x0000000020000280       0x88 ./Core/Src/main.o
                0x0000000020000280                huart4
 .bss.huart7    0x0000000020000308       0x88 ./Core/Src/main.o
                0x0000000020000308                huart7
 .bss.huart8    0x0000000020000390       0x88 ./Core/Src/main.o
                0x0000000020000390                huart8
 .bss.huart2    0x0000000020000418       0x88 ./Core/Src/main.o
                0x0000000020000418                huart2
 .bss.huart3    0x00000000200004a0       0x88 ./Core/Src/main.o
                0x00000000200004a0                huart3
 .bss.huart6    0x0000000020000528       0x88 ./Core/Src/main.o
                0x0000000020000528                huart6
 .bss.hdma_uart4_rx
                0x00000000200005b0       0x60 ./Core/Src/main.o
                0x00000000200005b0                hdma_uart4_rx
 .bss.hdma_uart4_tx
                0x0000000020000610       0x60 ./Core/Src/main.o
                0x0000000020000610                hdma_uart4_tx
 .bss.hdma_uart8_rx
                0x0000000020000670       0x60 ./Core/Src/main.o
                0x0000000020000670                hdma_uart8_rx
 .bss.hdma_uart8_tx
                0x00000000200006d0       0x60 ./Core/Src/main.o
                0x00000000200006d0                hdma_uart8_tx
 .bss.hdma_usart2_rx
                0x0000000020000730       0x60 ./Core/Src/main.o
                0x0000000020000730                hdma_usart2_rx
 .bss.hdma_usart3_rx
                0x0000000020000790       0x60 ./Core/Src/main.o
                0x0000000020000790                hdma_usart3_rx
 .bss.hdma_usart3_tx
                0x00000000200007f0       0x60 ./Core/Src/main.o
                0x00000000200007f0                hdma_usart3_tx
 .bss.hdma_usart6_rx
                0x0000000020000850       0x60 ./Core/Src/main.o
                0x0000000020000850                hdma_usart6_rx
 .bss.hdma_usart6_tx
                0x00000000200008b0       0x60 ./Core/Src/main.o
                0x00000000200008b0                hdma_usart6_tx
 .bss.Buffer_Config
                0x0000000020000910        0xd ./Core/Src/main.o
                0x0000000020000910                Buffer_Config
 *fill*         0x000000002000091d        0x1 
 .bss.ID        0x000000002000091e        0x2 ./Core/Src/main.o
                0x000000002000091e                ID
 .bss.MASTER    0x0000000020000920        0x2 ./Core/Src/main.o
                0x0000000020000920                MASTER
 .bss.BAUD_SCADA