../Core/Src/main.c:677:5:main	8	static
../Core/Src/main.c:1058:6:SystemClock_Config	88	static
../Core/Src/main.c:1117:13:MX_ADC1_Init	24	static
../Core/Src/main.c:1169:13:MX_CRC_Init	8	static
../Core/Src/main.c:1203:13:MX_RNG_Init	8	static
../Core/Src/main.c:1229:13:MX_RTC_Init	8	static
../Core/Src/main.c:1269:13:MX_TIM1_Init	40	static
../Core/Src/main.c:1316:13:MX_TIM6_Init	24	static
../Core/Src/main.c:1354:13:MX_TIM7_Init	24	static
../Core/Src/main.c:1392:13:MX_TIM10_Init	8	static
../Core/Src/main.c:1423:13:MX_UART4_Init	8	static
../Core/Src/main.c:1458:13:MX_UART7_Init	8	static
../Core/Src/main.c:1493:13:MX_UART8_Init	8	static
../Core/Src/main.c:1528:13:MX_USART2_UART_Init	8	static
../Core/Src/main.c:1563:13:MX_USART3_UART_Init	8	static
../Core/Src/main.c:1598:13:MX_USART6_UART_Init	8	static
../Core/Src/main.c:1631:13:MX_DMA_Init	16	static
../Core/Src/main.c:1674:13:MX_GPIO_Init	56	static
../Core/Src/main.c:1827:6:set_time_date	32	static
../Core/Src/main.c:1857:6:set_time_date_GPS	32	static
../Core/Src/main.c:1895:6:get_time_date	32	static
../Core/Src/main.c:1917:6:update_time_date_GPS	8	static
../Core/Src/main.c:1957:6:HAL_UART_RxCpltCallback	16	static
../Core/Src/main.c:2120:6:HAL_UART_TxCpltCallback	16	static
../Core/Src/main.c:2143:6:analizar_Rx_08_local	8	static
../Core/Src/main.c:2275:6:anal_recep_tot_crc_uart_08_nodnp	16	static
../Core/Src/main.c:2301:6:anal_recep_tot_crc_uart_08	32	static
../Core/Src/main.c:2364:10:calc_long_rx	24	static
../Core/Src/main.c:2381:9:calc_long_tx	16	static
../Core/Src/main.c:2386:10:cant_bits_d	16	static
../Core/Src/main.c:2391:9:cant_bytes_d	16	static
../Core/Src/main.c:2396:9:cant_bytes_a	16	static
../Core/Src/main.c:2401:6:func_lectura	40	static
../Core/Src/main.c:2799:6:analizar_Rx	4	static
../Core/Src/main.c:2815:6:analizar_Tx	4	static
../Core/Src/main.c:2824:6:analizar_UR_Tx	4	static
../Core/Src/main.c:2839:6:func_comando	32	static
../Core/Src/main.c:2982:6:func_comando_ctrl	8	static
../Core/Src/main.c:3007:6:rele_xx_on	16	static
../Core/Src/main.c:3036:6:rele_xx_off	16	static
../Core/Src/main.c:3065:6:ht_piloto	8	static
../Core/Src/main.c:3075:6:ht_cero	8	static
../Core/Src/main.c:3086:6:ht_uno	8	static
../Core/Src/main.c:3097:6:ejecutar_comando	8	static
../Core/Src/main.c:3119:6:pulsador	8	static
../Core/Src/main.c:4134:6:ctrl_relay	8	static
../Core/Src/main.c:4172:6:adc_ds18b20	24	static
../Core/Src/main.c:4208:6:spiv2_ctrl_49_init	16	static
../Core/Src/main.c:4226:6:spiv2_ctrl_49	128	static
../Core/Src/main.c:4422:6:spiv2_byte8	24	static
../Core/Src/main.c:4445:6:conv_a_epoch	8	static
../Core/Src/main.c:4500:13:delay	16	static
../Core/Src/main.c:4507:6:HAL_TIM_PeriodElapsedCallback	16	static
../Core/Src/main.c:4535:6:pedidos_reconectadores	8	static
../Core/Src/main.c:4668:6:analizar_Rx_03_local	128	static
../Core/Src/main.c:5062:6:analizar_pos_crc_Rx_03	4	static
../Core/Src/main.c:5078:6:anal_recep_tot_crc_uart_03	32	static
../Core/Src/main.c:5144:6:pedidos_medidores	8	static
../Core/Src/main.c:5328:6:analizar_Rx_04_local	16	static
../Core/Src/main.c:5354:6:anal_recep_tot_crc_uart_04	16	static
../Core/Src/main.c:5385:6:pedidos_reco_medi	8	static
../Core/Src/main.c:5692:6:leds_64	8	static
../Core/Src/main.c:5723:6:spiv3_buff64	32	static
../Core/Src/main.c:5784:6:Prog_Config	8	static
../Core/Src/main.c:6171:1:__io_putchar	16	static
../Core/Src/main.c:6188:6:Error_Handler	4	static,ignoring_inline_asm
